 Reconocedor_numero_sfun

 Timestamp is 506b2624 (Tue Oct 02 19:36:36 2012)

 Preferred load address is 0000000180000000

 Start         Length     Name                   Class
 0001:00000000 0003fa94H .text                   CODE
 0001:0003faa0 00000092H .text$x                 CODE
 0002:00000000 00000468H .idata$5                DATA
 0002:00000468 00000008H .CRT$XCA                DATA
 0002:00000470 00000008H .CRT$XCZ                DATA
 0002:00000478 00000008H .CRT$XIA                DATA
 0002:00000480 00000008H .CRT$XIAA               DATA
 0002:00000488 00000008H .CRT$XIZ                DATA
 0002:00000490 00004b8cH .rdata                  DATA
 0002:00005020 00000008H .rtc$IAA                DATA
 0002:00005028 00000008H .rtc$IZZ                DATA
 0002:00005030 00000008H .rtc$TAA                DATA
 0002:00005038 00000008H .rtc$TZZ                DATA
 0002:00005040 000042a4H .xdata                  DATA
 0002:000092e4 000000a0H .idata$2                DATA
 0002:00009384 00000014H .idata$3                DATA
 0002:00009398 00000468H .idata$4                DATA
 0002:00009800 00000a0aH .idata$6                DATA
 0002:0000a210 0000005dH .edata                  DATA
 0003:00000000 00002da8H .data                   DATA
 0003:00002dc0 033a5ff8H .bss                    DATA
 0004:00000000 00003354H .pdata                  DATA

  Address         Publics by Value              Rva+Base               Lib:Object

 0000:00000000       ___safe_se_handler_count   0000000000000000     <absolute>
 0000:00000000       ___safe_se_handler_table   0000000000000000     <absolute>
 0000:00000000       __ImageBase                0000000180000000     <linker-defined>
 0001:00000000       sf_c1_Reconocedor_numero_get_eml_resolved_functions_info 0000000180001000 f   c1_Reconocedor_numero.obj
 0001:00000c00       sf_c1_Reconocedor_numero_get_check_sum 0000000180001c00 f   c1_Reconocedor_numero.obj
 0001:00000c80       sf_c1_Reconocedor_numero_get_autoinheritance_info 0000000180001c80 f   c1_Reconocedor_numero.obj
 0001:000017f0       sf_internal_get_sim_state_c1_Reconocedor_numero 00000001800027f0 f   c1_Reconocedor_numero.obj
 0001:00001c70       sf_internal_set_sim_state_c1_Reconocedor_numero 0000000180002c70 f   c1_Reconocedor_numero.obj
 0001:000022c0       c1_Reconocedor_numero_method_dispatcher 00000001800032c0 f   c1_Reconocedor_numero.obj
 0001:0000a4a0       sf_c2_Reconocedor_numero_get_eml_resolved_functions_info 000000018000b4a0 f   c2_Reconocedor_numero.obj
 0001:0000aaa0       sf_c2_Reconocedor_numero_get_check_sum 000000018000baa0 f   c2_Reconocedor_numero.obj
 0001:0000ab20       sf_c2_Reconocedor_numero_get_autoinheritance_info 000000018000bb20 f   c2_Reconocedor_numero.obj
 0001:0000afc0       sf_internal_get_sim_state_c2_Reconocedor_numero 000000018000bfc0 f   c2_Reconocedor_numero.obj
 0001:0000b340       sf_internal_set_sim_state_c2_Reconocedor_numero 000000018000c340 f   c2_Reconocedor_numero.obj
 0001:0000b7c0       c2_Reconocedor_numero_method_dispatcher 000000018000c7c0 f   c2_Reconocedor_numero.obj
 0001:0000d640       sf_process_check_sum_call  000000018000e640 f   Reconocedor_numero_sfun_registry.obj
 0001:0000d690       sf_process_autoinheritance_call 000000018000e690 f   Reconocedor_numero_sfun_registry.obj
 0001:0000d810       sf_process_get_eml_resolved_functions_info_call 000000018000e810 f   Reconocedor_numero_sfun_registry.obj
 0001:0000d990       sf_mex_unlock_call         000000018000e990 f   Reconocedor_numero_sfun_registry.obj
 0001:0000da40       sf_machine_global_initializer_called 000000018000ea40 f   Reconocedor_numero_sfun_registry.obj
 0001:0000da70       sf_machine_global_method_dispatcher 000000018000ea70 f   Reconocedor_numero_sfun_registry.obj
 0001:0000dad0       sf_machine_global_terminator 000000018000ead0 f   Reconocedor_numero_sfun_registry.obj
 0001:0000db10       sf_register_machine_exported_symbols 000000018000eb10 f   Reconocedor_numero_sfun_registry.obj
 0001:0000db30       callCustomFcn              000000018000eb30 f   Reconocedor_numero_sfun_registry.obj
 0001:0000db40       sf_machine_global_initializer 000000018000eb40 f   Reconocedor_numero_sfun_registry.obj
 0001:0000dbb0       _ssSetStateAbsTol          000000018000ebb0 f   Reconocedor_numero_sfun_registry.obj
 0001:0000dc90       _ssGetAbsTol               000000018000ec90 f   Reconocedor_numero_sfun_registry.obj
 0001:0000dd00       _ssSetInputPortMatrixDimensions 000000018000ed00 f   Reconocedor_numero_sfun_registry.obj
 0001:0000de10       _ssSetOutputPortMatrixDimensions 000000018000ee10 f   Reconocedor_numero_sfun_registry.obj
 0001:0000df20       _ssSetInputPortVectorDimension 000000018000ef20 f   Reconocedor_numero_sfun_registry.obj
 0001:0000dff0       _ssSetOutputPortVectorDimension 000000018000eff0 f   Reconocedor_numero_sfun_registry.obj
 0001:0000e0c0       ssIsRunTimeParamTunable    000000018000f0c0 f   Reconocedor_numero_sfun_registry.obj
 0001:0000e130       ssGetSFuncBlockHandle      000000018000f130 f   Reconocedor_numero_sfun_registry.obj
 0001:0000e1a0       _ssGetCurrentInputPortWidth 000000018000f1a0 f   Reconocedor_numero_sfun_registry.obj
 0001:0000e2c0       _ssGetCurrentOutputPortWidth 000000018000f2c0 f   Reconocedor_numero_sfun_registry.obj
 0001:0000e3e0       _ssGetCallSystemNumFcnCallDestinations 000000018000f3e0 f   Reconocedor_numero_sfun_registry.obj
 0001:0000e450       ssWarning                  000000018000f450 f   Reconocedor_numero_sfun_registry.obj
 0001:0000e560       ssGetIsZeroCrossControlDisabled 000000018000f560 f   Reconocedor_numero_sfun_registry.obj
 0001:0000e5d0       ssSetIsInputPortUsedForContZcSignal 000000018000f5d0 f   Reconocedor_numero_sfun_registry.obj
 0001:0000e640       ssSetZcSignalIsZcElementDisc 000000018000f640 f   Reconocedor_numero_sfun_registry.obj
 0001:0000e6f0       ssSetZcSignalName          000000018000f6f0 f   Reconocedor_numero_sfun_registry.obj
 0001:0000e760       ssSetZcSignalWidth         000000018000f760 f   Reconocedor_numero_sfun_registry.obj
 0001:0000e7d0       ssSetZcSignalZcEventType   000000018000f7d0 f   Reconocedor_numero_sfun_registry.obj
 0001:0000e840       ssSetZcSignalType          000000018000f840 f   Reconocedor_numero_sfun_registry.obj
 0001:0000e8b0       ssSetZcSignalZcTol         000000018000f8b0 f   Reconocedor_numero_sfun_registry.obj
 0001:0000e920       ssSetZcSignalNeedsEventNotification 000000018000f920 f   Reconocedor_numero_sfun_registry.obj
 0001:0000e990       ssCreateAndAddZcSignalInfo 000000018000f990 f   Reconocedor_numero_sfun_registry.obj
 0001:0000ea00       ssCloneAndAddZcSignalInfo  000000018000fa00 f   Reconocedor_numero_sfun_registry.obj
 0001:0000ea70       ssGetNumZcSignals          000000018000fa70 f   Reconocedor_numero_sfun_registry.obj
 0001:0000eae0       ssGetZcSignalVector        000000018000fae0 f   Reconocedor_numero_sfun_registry.obj
 0001:0000eb50       ssGetZcSignalZcEvents      000000018000fb50 f   Reconocedor_numero_sfun_registry.obj
 0001:0000ebc0       ssGetZcSignalName          000000018000fbc0 f   Reconocedor_numero_sfun_registry.obj
 0001:0000ec30       ssGetZcSignalWidth         000000018000fc30 f   Reconocedor_numero_sfun_registry.obj
 0001:0000eca0       ssGetZcSignalZcEventType   000000018000fca0 f   Reconocedor_numero_sfun_registry.obj
 0001:0000ed10       ssGetZcSignalType          000000018000fd10 f   Reconocedor_numero_sfun_registry.obj
 0001:0000ed80       ssGetZcSignalZcTol         000000018000fd80 f   Reconocedor_numero_sfun_registry.obj
 0001:0000ee00       ssGetZcSignalNeedsEventNotification 000000018000fe00 f   Reconocedor_numero_sfun_registry.obj
 0001:0000ee70       ssGetZcSignalIsZcElementDisc 000000018000fe70 f   Reconocedor_numero_sfun_registry.obj
 0001:0000ef10       ssGetIsInputPortElementContinuous 000000018000ff10 f   Reconocedor_numero_sfun_registry.obj
 0001:0000efb0       _ssGetInputPortSignalPtrsFcn 000000018000ffb0 f   Reconocedor_numero_sfun_registry.obj
 0001:0000f270       _ssGetInputPortSignalFcn   0000000180010270 f   Reconocedor_numero_sfun_registry.obj
 0001:0000f490       _ssSetInputPortDirectFeedThroughFcn 0000000180010490 f   Reconocedor_numero_sfun_registry.obj
 0001:0000f5f0       _ssSetInputPortReusableFcn 00000001800105f0 f   Reconocedor_numero_sfun_registry.obj
 0001:0000f6e0       _ssSetOutputPortReusableFcn 00000001800106e0 f   Reconocedor_numero_sfun_registry.obj
 0001:0000f7c0       ssGetDTypeIdFromMxArray    00000001800107c0 f   Reconocedor_numero_sfun_registry.obj
 0001:0000f8e0       ssWriteRTWStr              00000001800108e0 f   Reconocedor_numero_sfun_registry.obj
 0001:0000f940       ssWriteRTWMxVectParam      0000000180010940 f   Reconocedor_numero_sfun_registry.obj
 0001:0000f9a0       ssWriteRTWMx2dMatParam     00000001800109a0 f   Reconocedor_numero_sfun_registry.obj
 0001:0000fa20       ssWriteRTWNameValuePair    0000000180010a20 f   Reconocedor_numero_sfun_registry.obj
 0001:0000ff10       ssWriteRTWParameters       0000000180010f10 f   Reconocedor_numero_sfun_registry.obj
 0001:00010510       ssWriteRTWParamSettings    0000000180011510 f   Reconocedor_numero_sfun_registry.obj
 0001:00010be0       ssWriteRTWWorkVect         0000000180011be0 f   Reconocedor_numero_sfun_registry.obj
 0001:000110e0       mexFunction                00000001800120e0 f   Reconocedor_numero_sfun_registry.obj
 0001:00012d20       ProcessMexSfunctionEveryCall 0000000180013d20 f   Reconocedor_numero_sfun_registry.obj
 0001:00012e90       Reconocedor_numero_initializer 0000000180013e90 f   Reconocedor_numero_sfun.obj
 0001:00012ea0       Reconocedor_numero_terminator 0000000180013ea0 f   Reconocedor_numero_sfun.obj
 0001:00012eb0       sf_Reconocedor_numero_method_dispatcher 0000000180013eb0 f   Reconocedor_numero_sfun.obj
 0001:00012f20       sf_Reconocedor_numero_process_check_sum_call 0000000180013f20 f   Reconocedor_numero_sfun.obj
 0001:00013340       sf_Reconocedor_numero_autoinheritance_info 0000000180014340 f   Reconocedor_numero_sfun.obj
 0001:00013450       sf_Reconocedor_numero_get_eml_resolved_functions_info 0000000180014450 f   Reconocedor_numero_sfun.obj
 0001:000135c0       Reconocedor_numero_debug_initialize 00000001800145c0 f   Reconocedor_numero_sfun.obj
 0001:00013630       Reconocedor_numero_register_exported_symbols 0000000180014630 f   Reconocedor_numero_sfun.obj
 0001:000136e0       sf_mex_mx_is_numeric       00000001800146e0 f   sfc_mex:sfc_mex.obj
 0001:00013720       strcmp_ignore_ws           0000000180014720 f   sfc_mex:sfc_mex.obj
 0001:00013860       sf_mex_duplicatearraysafe  0000000180014860 f   sfc_mex:sfc_mex.obj
 0001:000139c0       sf_set_error_debugger_context_message_fcn 00000001800149c0 f   sfc_mex:sfc_mex.obj
 0001:000139d0       sf_set_debugger_matlab_error_fcn 00000001800149d0 f   sfc_mex:sfc_mex.obj
 0001:00013a00       sf_set_error_prefix_string 0000000180014a00 f   sfc_mex:sfc_mex.obj
 0001:00013a30       sf_get_error_prefix_string 0000000180014a30 f   sfc_mex:sfc_mex.obj
 0001:00013a40       sf_get_current_jmp_buf_ptr 0000000180014a40 f   sfc_mex:sfc_mex.obj
 0001:00013a50       sf_set_current_jmp_buf_ptr 0000000180014a50 f   sfc_mex:sfc_mex.obj
 0001:00013a60       sf_mex_set_halt_simulation 0000000180014a60 f   sfc_mex:sfc_mex.obj
 0001:00013a70       sf_mex_get_halt_simulation 0000000180014a70 f   sfc_mex:sfc_mex.obj
 0001:00013a80       sf_mex_clear_error_message 0000000180014a80 f   sfc_mex:sfc_mex.obj
 0001:00013aa0       sf_mex_get_error_message_for_read 0000000180014aa0 f   sfc_mex:sfc_mex.obj
 0001:00013ab0       sf_mex_get_error_message_buffer_length 0000000180014ab0 f   sfc_mex:sfc_mex.obj
 0001:00013b90       sf_mex_warning_message     0000000180014b90 f   sfc_mex:sfc_mex.obj
 0001:00013c00       sf_mex_v_errbuf_createf    0000000180014c00 f   sfc_mex:sfc_mex.obj
 0001:00013c10       sf_mex_errbuf_createf      0000000180014c10 f   sfc_mex:sfc_mex.obj
 0001:00013c40       sf_mex_v_errbuf_catf       0000000180014c40 f   sfc_mex:sfc_mex.obj
 0001:00013c80       sf_mex_errbuf_catf         0000000180014c80 f   sfc_mex:sfc_mex.obj
 0001:00013cd0       sf_mex_errbuf_copy         0000000180014cd0 f   sfc_mex:sfc_mex.obj
 0001:00013ce0       sf_mex_errbuf_clear        0000000180014ce0 f   sfc_mex:sfc_mex.obj
 0001:00013cf0       sf_mex_errbuf_isempty      0000000180014cf0 f   sfc_mex:sfc_mex.obj
 0001:00013e00       sf_mex_set_error_status    0000000180014e00 f   sfc_mex:sfc_mex.obj
 0001:00013e50       sf_mex_error_direct_call   0000000180014e50 f   sfc_mex:sfc_mex.obj
 0001:00013e70       sf_mex_error_message_no_long_jump 0000000180014e70 f   sfc_mex:sfc_mex.obj
 0001:00013e90       sf_mex_long_jump_on_error  0000000180014e90 f   sfc_mex:sfc_mex.obj
 0001:00013ec0       sf_mex_call_matlab         0000000180014ec0 f   sfc_mex:sfc_mex.obj
 0001:00013fe0       sf_mex_check_builtin       0000000180014fe0 f   sfc_mex:sfc_mex.obj
 0001:00014020       sf_mex_check_builtin_vs    0000000180015020 f   sfc_mex:sfc_mex.obj
 0001:00014080       sf_mex_check_enum          0000000180015080 f   sfc_mex:sfc_mex.obj
 0001:000140b0       sf_mex_create_enum         00000001800150b0 f   sfc_mex:sfc_mex.obj
 0001:000140d0       sf_mex_get_enum_element    00000001800150d0 f   sfc_mex:sfc_mex.obj
 0001:000140e0       sf_mex_createcellarray     00000001800150e0 f   sfc_mex:sfc_mex.obj
 0001:000140f0       sf_mex_setcell             00000001800150f0 f   sfc_mex:sfc_mex.obj
 0001:00014100       sf_mex_getcell             0000000180015100 f   sfc_mex:sfc_mex.obj
 0001:00014110       sf_mex_dup                 0000000180015110 f   sfc_mex:sfc_mex.obj
 0001:00014130       sf_mex_assign              0000000180015130 f   sfc_mex:sfc_mex.obj
 0001:00014190       sf_mex_destroy             0000000180015190 f   sfc_mex:sfc_mex.obj
 0001:000141c0       mx_array_has_fi_type       00000001800151c0 f   sfc_mex:sfc_mex.obj
 0001:000141f0       sf_mex_convert_from_fi     00000001800151f0 f   sfc_mex:sfc_mex.obj
 0001:000142a0       sf_mex_convert_to_double   00000001800152a0 f   sfc_mex:sfc_mex.obj
 0001:000143c0       sf_mex_import_fi_vs        00000001800153c0 f   sfc_mex:sfc_mex.obj
 0001:00014580       sf_matrix_matrix_index_ok  0000000180015580 f   sfc_mex:sfc_mex.obj
 0001:00014610       sf_vector_vector_index_ok  0000000180015610 f   sfc_mex:sfc_mex.obj
 0001:00014640       ssGetCurrentInputPortDimensions_wrapper 0000000180015640 f   sfc_mex:sfc_mex.obj
 0001:00014660       ssGetCurrentOutputPortDimensions_wrapper 0000000180015660 f   sfc_mex:sfc_mex.obj
 0001:00014680       sf_mex_emlrt_context_is_debug_mode 0000000180015680 f   sfc_mex:sfc_mex.obj
 0001:00014690       sf_mex_emlrt_context_set_debug_mode 0000000180015690 f   sfc_mex:sfc_mex.obj
 0001:00014700       sf_clear_error_manager_info 0000000180015700 f   sfc_mex:sfc_mex.obj
 0001:00014750       sf_mex_stop_simulation_abruptly_wo_error 0000000180015750 f   sfc_mex:sfc_mex.obj
 0001:00014790       sf_mex_error_message       0000000180015790 f   sfc_mex:sfc_mex.obj
 0001:000147f0       sf_react_to_error_in_matlab_call 00000001800157f0 f   sfc_mex:sfc_mex.obj
 0001:00014820       sf_mex_addfield            0000000180015820 f   sfc_mex:sfc_mex.obj
 0001:000148c0       sf_mex_getfield            00000001800158c0 f   sfc_mex:sfc_mex.obj
 0001:00014bc0       sf_mex_check_class         0000000180015bc0 f   sfc_mex:sfc_mex.obj
 0001:00014cb0       sf_mex_is_real             0000000180015cb0 f   sfc_mex:sfc_mex.obj
 0001:00015120       sf_mex_decode_encoded_mx_struct_array 0000000180016120 f   sfc_mex:sfc_mex.obj
 0001:00015400       sf_mex_lw_bounds_check     0000000180016400 f   sfc_mex:sfc_mex.obj
 0001:00015430       sf_mex_lw_size_eq_check_1d 0000000180016430 f   sfc_mex:sfc_mex.obj
 0001:00015450       sf_mex_lw_size_eq_check_nd 0000000180016450 f   sfc_mex:sfc_mex.obj
 0001:00015630       sf_mex_lw_dim_size_eq_check 0000000180016630 f   sfc_mex:sfc_mex.obj
 0001:00015660       sf_mex_lw_dim_size_geq_check 0000000180016660 f   sfc_mex:sfc_mex.obj
 0001:00015690       sf_mex_lw_sub_assign_size_check_nd 0000000180016690 f   sfc_mex:sfc_mex.obj
 0001:000158c0       sf_mex_lw_runtime_error_msgid 00000001800168c0 f   sfc_mex:sfc_mex.obj
 0001:000159b0       sf_mex_lw_matrix_matrix_index_check 00000001800169b0 f   sfc_mex:sfc_mex.obj
 0001:000159d0       sf_mex_lw_vector_vector_index_check 00000001800169d0 f   sfc_mex:sfc_mex.obj
 0001:00015a10       sf_mex_lw_non_negative_check 0000000180016a10 f   sfc_mex:sfc_mex.obj
 0001:00015a50       sf_mex_overflow_error      0000000180016a50 f   sfc_mex:sfc_mex.obj
 0001:00015a60       sf_mex_dividebyzero_error  0000000180016a60 f   sfc_mex:sfc_mex.obj
 0001:00015a70       sf_mex_unsafe_enum_error   0000000180016a70 f   sfc_mex:sfc_mex.obj
 0001:00015a80       sf_emlrtErrHandler         0000000180016a80 f   sfc_mex:sfc_mex.obj
 0001:00015b40       sf_mex_printf              0000000180016b40 f   sfc_mex:sfc_mex.obj
 0001:00015cd0       sf_mex_check_size          0000000180016cd0 f   sfc_mex:sfc_mex.obj
 0001:00015fa0       sf_mex_check_struct        0000000180016fa0 f   sfc_mex:sfc_mex.obj
 0001:00016200       sf_mex_check_struct_vs     0000000180017200 f   sfc_mex:sfc_mex.obj
 0001:00016290       sf_mex_check_fi            0000000180017290 f   sfc_mex:sfc_mex.obj
 0001:00016390       sf_mex_check_fi_vs         0000000180017390 f   sfc_mex:sfc_mex.obj
 0001:00016430       sf_echo_expression         0000000180017430 f   sfc_mex:sfc_mex.obj
 0001:00016490       sf_assertion_failed        0000000180017490 f   sfc_mex:sfc_mex.obj
 0001:00016770       sf_mex_evalin              0000000180017770 f   sfc_mex:sfc_mex.obj
 0001:000169e0       sf_mex_export              00000001800179e0 f   sfc_mex:sfc_mex.obj
 0001:00016aa0       sf_mex_get_ml_var_no_error 0000000180017aa0 f   sfc_mex:sfc_mex.obj
 0001:00016c40       sf_mex_get_ml_var          0000000180017c40 f   sfc_mex:sfc_mex.obj
 0001:000170e0       ml_set_element_value_in_array 00000001800180e0 f   sfc_mex:sfc_mex.obj
 0001:000187b0       sf_mex_call_impl           00000001800197b0 f   sfc_mex:sfc_mex.obj
 0001:00018ce0       sf_mex_call_debug          0000000180019ce0 f   sfc_mex:sfc_mex.obj
 0001:00018d10       sf_mex_call                0000000180019d10 f   sfc_mex:sfc_mex.obj
 0001:00019360       sf_mex_createstruct        000000018001a360 f   sfc_mex:sfc_mex.obj
 0001:00019450       sf_mex_createstructarray   000000018001a450 f   sfc_mex:sfc_mex.obj
 0001:000194d0       sf_mex_get_mx_datatype_from_sf_datatype 000000018001a4d0 f   sfc_mex:sfc_mex.obj
 0001:000197e0       sf_mex_ml_var_sub          000000018001a7e0 f   sfc_mex:sfc_mex.obj
 0001:000199b0       sf_mex_ml_var_subsasgn     000000018001a9b0 f   sfc_mex:sfc_mex.obj
 0001:00019da0       sf_mex_sub                 000000018001ada0 f   sfc_mex:sfc_mex.obj
 0001:00019fa0       sf_mex_subsasgn            000000018001afa0 f   sfc_mex:sfc_mex.obj
 0001:0001a480       sf_mex_create              000000018001b480 f   sfc_mex:sfc_mex.obj
 0001:0001aed0       sf_mex_import_named        000000018001bed0 f   sfc_mex:sfc_mex.obj
 0001:0001af30       sf_mex_import              000000018001bf30 f   sfc_mex:sfc_mex.obj
 0001:0001af80       sf_mex_import_vs           000000018001bf80 f   sfc_mex:sfc_mex.obj
 0001:0001b090       sf_mex_lower_fixpt_mx_array 000000018001c090 f   sfc_mex:sfc_mex.obj
 0001:0001b680       sim_mode_is_rtw_gen        000000018001c680 f   sfc_mex:sfc_sf.obj
 0001:0001b6b0       sim_mode_is_external       000000018001c6b0 f   sfc_mex:sfc_sf.obj
 0001:0001b6c0       sim_mode_is_modelref_sim   000000018001c6c0 f   sfc_mex:sfc_sf.obj
 0001:0001b6e0       mdlInitializeSizes         000000018001c6e0 f   sfc_mex:sfc_sf.obj
 0001:0001b700       mdlInitializeSampleTimes   000000018001c700 f   sfc_mex:sfc_sf.obj
 0001:0001b740       mdlZeroCrossings           000000018001c740 f   sfc_mex:sfc_sf.obj
 0001:0001b820       mdlDerivatives             000000018001c820 f   sfc_mex:sfc_sf.obj
 0001:0001b8d0       mdl_initialize_conditions_processing 000000018001c8d0 f   sfc_mex:sfc_sf.obj
 0001:0001b900       mdlInitializeConditions    000000018001c900 f   sfc_mex:sfc_sf.obj
 0001:0001b9c0       mdlGetSimState             000000018001c9c0 f   sfc_mex:sfc_sf.obj
 0001:0001b9d0       mdlSetSimState             000000018001c9d0 f   sfc_mex:sfc_sf.obj
 0001:0001b9e0       mdl_ext_mode_exec_processing 000000018001c9e0 f   sfc_mex:sfc_sf.obj
 0001:0001ba00       mdlExtModeExec             000000018001ca00 f   sfc_mex:sfc_sf.obj
 0001:0001bb90       mdlTerminate               000000018001cb90 f   sfc_mex:sfc_sf.obj
 0001:0001bc00       mdlRTW                     000000018001cc00 f   sfc_mex:sfc_sf.obj
 0001:0001bc30       mdlSetWorkWidths           000000018001cc30 f   sfc_mex:sfc_sf.obj
 0001:0001bc40       mdlProcessParameters       000000018001cc40 f   sfc_mex:sfc_sf.obj
 0001:0001bc50       mdl_start_processing       000000018001cc50 f   sfc_mex:sfc_sf.obj
 0001:0001bc90       mdlStart                   000000018001cc90 f   sfc_mex:sfc_sf.obj
 0001:0001bd80       mdlEnable                  000000018001cd80 f   sfc_mex:sfc_sf.obj
 0001:0001be50       mdlDisable                 000000018001ce50 f   sfc_mex:sfc_sf.obj
 0001:0001bf00       sf_get_chart_instance_ptr  000000018001cf00 f   sfc_mex:sfc_sf.obj
 0001:0001bf20       sf_rtw_info_uint_prop      000000018001cf20 f   sfc_mex:sfc_sf.obj
 0001:0001c090       sf_is_chart_inlinable      000000018001d090 f   sfc_mex:sfc_sf.obj
 0001:0001c0b0       sf_mark_output_events_with_multiple_callers 000000018001d0b0 f   sfc_mex:sfc_sf.obj
 0001:0001c270       sf_mark_chart_reusable_outputs 000000018001d270 f   sfc_mex:sfc_sf.obj
 0001:0001c4f0       sf_mark_chart_expressionable_inputs 000000018001d4f0 f   sfc_mex:sfc_sf.obj
 0001:0001c850       sf_get_subchart_simstruct  000000018001d850 f   sfc_mex:sfc_sf.obj
 0001:0001c8a0       sf_write_symbol_mapping    000000018001d8a0 f   sfc_mex:sfc_sf.obj
 0001:0001caf0       sf_get_fixpt_data_type_id  000000018001daf0 f   sfc_mex:sfc_sf.obj
 0001:0001cb30       sf_get_enum_data_type_id   000000018001db30 f   sfc_mex:sfc_sf.obj
 0001:0001cb70       sf_get_param_data_type_id  000000018001db70 f   sfc_mex:sfc_sf.obj
 0001:0001cba0       sf_mex_listen_for_ctrl_c_force 000000018001dba0 f   sfc_mex:sfc_sf.obj
 0001:0001ccb0       sf_mex_draw_now            000000018001dcb0 f   sfc_mex:sfc_sf.obj
 0001:0001ccf0       sf_mex_set_debugger_sim_status_listener_fcn 000000018001dcf0 f   sfc_mex:sfc_sf.obj
 0001:0001cd00       sf_mex_listen_for_ctrl_c   000000018001dd00 f   sfc_mex:sfc_sf.obj
 0001:0001cd90       sf_mex_get_sfun_param      000000018001dd90 f   sfc_mex:sfc_sf.obj
 0001:0001cde0       sf_get_runtime_param_data  000000018001dde0 f   sfc_mex:sfc_sf.obj
 0001:0001ce20       sf_call_output_fcn_call    000000018001de20 f   sfc_mex:sfc_sf.obj
 0001:0001cf60       sf_call_output_fcn_enable  000000018001df60 f   sfc_mex:sfc_sf.obj
 0001:0001cff0       sf_call_output_fcn_disable 000000018001dff0 f   sfc_mex:sfc_sf.obj
 0001:0001d080       sf_clear_rtw_identifier    000000018001e080 f   sfc_mex:sfc_sf.obj
 0001:0001d870       sf_set_encoded_dwork_info  000000018001e870 f   sfc_mex:sfc_sf.obj
 0001:0001d8c0       sf_get_dwork_info_from_mat_file 000000018001e8c0 f   sfc_mex:sfc_sf.obj
 0001:0001dab0       sf_set_rtw_dwork_info      000000018001eab0 f   sfc_mex:sfc_sf.obj
 0001:0001dc20       mdlOutputs                 000000018001ec20 f   sfc_mex:sfc_sf.obj
 0001:0001ddc0       sf_debug_disp              000000018001edc0 f   sfc_debug:sfcdebug.obj
 0001:0001e020       sf_debug_data_runtime_size_mismatch_error_check 000000018001f020 f   sfc_debug:sfcdebug.obj
 0001:0001e0c0       sf_debug_try_loading_machine 000000018001f0c0 f   sfc_debug:sfcdebug.obj
 0001:0001e1c0       sf_debug_reset_current_state_configuration 000000018001f1c0 f   sfc_debug:sfcdebug.obj
 0001:0001e250       sf_debug_store_current_state_configuration 000000018001f250 f   sfc_debug:sfcdebug.obj
 0001:0001e2e0       sf_debug_restore_previous_state_configuration 000000018001f2e0 f   sfc_debug:sfcdebug.obj
 0001:0001e370       sf_debug_restore_previous_state_configuration2 000000018001f370 f   sfc_debug:sfcdebug.obj
 0001:0001e400       sf_debug_get_event_scope   000000018001f400 f   sfc_debug:sfcdebug.obj
 0001:0001e570       use_debugger_step_animation 000000018001f570 f   sfc_debug:sfcdebug.obj
 0001:0001e590       sf_debug_get_script_id     000000018001f590 f   sfc_debug:sfcdebug.obj
 0001:0001e620       sf_debug_set_script_translation 000000018001f620 f   sfc_debug:sfcdebug.obj
 0001:0001e6e0       sf_debug_get_current_machine_id 000000018001f6e0 f   sfc_debug:sfcdebug.obj
 0001:0001e700       sf_debug_get_current_optional_integer 000000018001f700 f   sfc_debug:sfcdebug.obj
 0001:0001e710       sf_debug_get_current_machine_number 000000018001f710 f   sfc_debug:sfcdebug.obj
 0001:0001e730       sf_debug_get_current_machine_name 000000018001f730 f   sfc_debug:sfcdebug.obj
 0001:0001e750       sf_debug_get_current_chart_id 000000018001f750 f   sfc_debug:sfcdebug.obj
 0001:0001e7a0       sf_debug_get_current_chart_number 000000018001f7a0 f   sfc_debug:sfcdebug.obj
 0001:0001e7b0       sf_debug_get_current_instance_number 000000018001f7b0 f   sfc_debug:sfcdebug.obj
 0001:0001e7c0       sf_debug_get_current_is_minor_time_step 000000018001f7c0 f   sfc_debug:sfcdebug.obj
 0001:0001e840       sf_debug_get_current_object_type 000000018001f840 f   sfc_debug:sfcdebug.obj
 0001:0001e850       sf_debug_get_current_instance_handle 000000018001f850 f   sfc_debug:sfcdebug.obj
 0001:0001e8b0       sf_debug_get_current_event_type 000000018001f8b0 f   sfc_debug:sfcdebug.obj
 0001:0001e8c0       sf_debug_get_current_object_id 000000018001f8c0 f   sfc_debug:sfcdebug.obj
 0001:0001e900       sf_debug_get_current_active_event_type 000000018001f900 f   sfc_debug:sfcdebug.obj
 0001:0001e910       sf_debug_get_current_active_event_id 000000018001f910 f   sfc_debug:sfcdebug.obj
 0001:0001e950       sf_debug_get_current_tag_type 000000018001f950 f   sfc_debug:sfcdebug.obj
 0001:0001e960       sf_debug_get_current_simulation_time 000000018001f960 f   sfc_debug:sfcdebug.obj
 0001:0001e970       sf_debug_get_current_coverage_percentage 000000018001f970 f   sfc_debug:sfcdebug.obj
 0001:0001e980       sf_debug_current_statement_context 000000018001f980 f   sfc_debug:sfcdebug.obj
 0001:0001ea10       sf_debug_get_current_statement_info 000000018001fa10 f   sfc_debug:sfcdebug.obj
 0001:0001eb90       sf_debug_terminate_instance 000000018001fb90 f   sfc_debug:sfcdebug.obj
 0001:0001eea0       sf_debug_assertion_failed  000000018001fea0 f   sfc_debug:sfcdebug.obj
 0001:0001f050       sf_debug_set_number_of_data_with_change_event_for_machine 0000000180020050 f   sfc_debug:sfcdebug.obj
 0001:0001f090       sf_debug_set_machine_event_thresholds 0000000180020090 f   sfc_debug:sfcdebug.obj
 0001:0001f0b0       sf_debug_set_machine_event_scope 00000001800200b0 f   sfc_debug:sfcdebug.obj
 0001:0001f0f0       sf_debug_set_machine_data_thresholds 00000001800200f0 f   sfc_debug:sfcdebug.obj
 0001:0001f130       sf_debug_set_machine_data_scope 0000000180020130 f   sfc_debug:sfcdebug.obj
 0001:0001f1c0       sf_debug_set_machine_data_name 00000001800201c0 f   sfc_debug:sfcdebug.obj
 0001:0001f260       sf_debug_set_machine_data_size 0000000180020260 f   sfc_debug:sfcdebug.obj
 0001:0001f3a0       sf_debug_set_machine_data_type 00000001800203a0 f   sfc_debug:sfcdebug.obj
 0001:0001f510       sf_debug_get_chart_data_number 0000000180020510 f   sfc_debug:sfcdebug.obj
 0001:0001f530       sf_debug_get_chart_event_number 0000000180020530 f   sfc_debug:sfcdebug.obj
 0001:0001f550       sf_debug_set_chart_state_info 0000000180020550 f   sfc_debug:sfcdebug.obj
 0001:0001f5d0       sf_debug_set_chart_decomposition 00000001800205d0 f   sfc_debug:sfcdebug.obj
 0001:0001f640       sf_debug_set_chart_substate_count 0000000180020640 f   sfc_debug:sfcdebug.obj
 0001:0001f720       sf_debug_set_chart_substate_index 0000000180020720 f   sfc_debug:sfcdebug.obj
 0001:0001f790       sf_debug_set_chart_state_substate_count 0000000180020790 f   sfc_debug:sfcdebug.obj
 0001:0001f8a0       sf_debug_set_chart_state_substate_index 00000001800208a0 f   sfc_debug:sfcdebug.obj
 0001:0001f920       sf_debug_set_number_of_data_with_change_event_for_chart 0000000180020920 f   sfc_debug:sfcdebug.obj
 0001:0001f9a0       sf_debug_set_number_of_states_with_entry_event_for_chart 00000001800209a0 f   sfc_debug:sfcdebug.obj
 0001:0001fa10       sf_debug_set_number_of_states_with_exit_event_for_chart 0000000180020a10 f   sfc_debug:sfcdebug.obj
 0001:0001fa80       sf_debug_set_chart_disable_implicit_casting 0000000180020a80 f   sfc_debug:sfcdebug.obj
 0001:0001faf0       sf_debug_set_chart_event_thresholds 0000000180020af0 f   sfc_debug:sfcdebug.obj
 0001:0001fb60       sf_debug_set_chart_data_compiled_props 0000000180020b60 f   sfc_debug:sfcdebug.obj
 0001:0001feb0       sf_debug_set_chart_data_props 0000000180020eb0 f   sfc_debug:sfcdebug.obj
 0001:000201d0       sf_debug_check_fi_license  00000001800211d0 f   sfc_debug:sfcdebug.obj
 0001:000203c0       sf_debug_symbol_scope_push 00000001800213c0 f   sfc_debug:sfcdebug.obj
 0001:00020400       sf_debug_symbol_scope_push_eml 0000000180021400 f   sfc_debug:sfcdebug.obj
 0001:00020450       sf_debug_symbol_scope_pop  0000000180021450 f   sfc_debug:sfcdebug.obj
 0001:00020490       sf_debug_symbol_scope_add_importable 0000000180021490 f   sfc_debug:sfcdebug.obj
 0001:00020510       sf_debug_symbol_scope_add  0000000180021510 f   sfc_debug:sfcdebug.obj
 0001:00020590       sf_debug_symbol_scope_add_dyn_importable 0000000180021590 f   sfc_debug:sfcdebug.obj
 0001:00020650       sf_debug_symbol_scope_add_dyn 0000000180021650 f   sfc_debug:sfcdebug.obj
 0001:00020680       sf_debug_symbol_scope_add_eml_importable 0000000180021680 f   sfc_debug:sfcdebug.obj
 0001:000206c0       sf_debug_symbol_scope_add_eml 00000001800216c0 f   sfc_debug:sfcdebug.obj
 0001:00020700       sf_debug_symbol_scope_add_eml_dyn_importable 0000000180021700 f   sfc_debug:sfcdebug.obj
 0001:00020770       sf_debug_symbol_scope_add_eml_dyn 0000000180021770 f   sfc_debug:sfcdebug.obj
 0001:000207d0       sf_debug_symbol_switch     00000001800217d0 f   sfc_debug:sfcdebug.obj
 0001:000207f0       sf_debug_symbol_scope_add_verbose 00000001800217f0 f   sfc_debug:sfcdebug.obj
 0001:000208c0       sf_debug_set_machine_data_value_ptr 00000001800218c0 f   sfc_debug:sfcdebug.obj
 0001:00020900       sf_debug_set_instance_data_value_ptr 0000000180021900 f   sfc_debug:sfcdebug.obj
 0001:000209c0       sf_debug_unset_instance_data_value_ptr 00000001800219c0 f   sfc_debug:sfcdebug.obj
 0001:00020a70       sf_debug_set_chart_event_scope 0000000180021a70 f   sfc_debug:sfcdebug.obj
 0001:00020af0       sf_debug_set_chart_transition_coverage_maps 0000000180021af0 f   sfc_debug:sfcdebug.obj
 0001:00020c00       sf_debug_set_chart_state_coverage_maps 0000000180021c00 f   sfc_debug:sfcdebug.obj
 0001:00020ce0       sf_debug_set_instance_transition_coverage_weights 0000000180021ce0 f   sfc_debug:sfcdebug.obj
 0001:00020d80       sf_debug_set_instance_state_coverage_weights 0000000180021d80 f   sfc_debug:sfcdebug.obj
 0001:00020fd0       sf_debug_unload_machine    0000000180021fd0 f   sfc_debug:sfcdebug.obj
 0001:00021020       sf_debug_load_machine      0000000180022020 f   sfc_debug:sfcdebug.obj
 0001:00021120       sf_debug_set_active_instance_in_data_dictionary 0000000180022120 f   sfc_debug:sfcdebug.obj
 0001:00021300       sf_debug_set_active_instance 0000000180022300 f   sfc_debug:sfcdebug.obj
 0001:00021440       sf_debug_chart_visiblity_change 0000000180022440 f   sfc_debug:sfcdebug.obj
 0001:00021520       sf_debug_select_chart      0000000180022520 f   sfc_debug:sfcdebug.obj
 0001:000215f0       sf_debug_set_instance_cv_ids 00000001800225f0 f   sfc_debug:sfcdebug.obj
 0001:00021900       sf_debug_select_charts     0000000180022900 f   sfc_debug:sfcdebug.obj
 0001:00021a40       sf_debug_initialized       0000000180022a40 f   sfc_debug:sfcdebug.obj
 0001:00021a50       sf_debug_is_uninterruptible 0000000180022a50 f   sfc_debug:sfcdebug.obj
 0001:00021a80       sf_debug_initialize_debugger_gui 0000000180022a80 f   sfc_debug:sfcdebug.obj
 0001:00021e70       sf_debug_resume            0000000180022e70 f   sfc_debug:sfcdebug.obj
 0001:00021e90       sf_debug_go                0000000180022e90 f   sfc_debug:sfcdebug.obj
 0001:00021ea0       sf_debug_break             0000000180022ea0 f   sfc_debug:sfcdebug.obj
 0001:00021eb0       sf_debug_step_over         0000000180022eb0 f   sfc_debug:sfcdebug.obj
 0001:00021ec0       sf_debug_step_out          0000000180022ec0 f   sfc_debug:sfcdebug.obj
 0001:00021ed0       sf_debug_set_disable_all_breakpoints 0000000180022ed0 f   sfc_debug:sfcdebug.obj
 0001:00021ee0       sf_debug_disable_all_breakpoints_and_go 0000000180022ee0 f   sfc_debug:sfcdebug.obj
 0001:00021ef0       sf_debug_break_on_chart_entry 0000000180022ef0 f   sfc_debug:sfcdebug.obj
 0001:00021f00       sf_debug_break_on_event_broadcast 0000000180022f00 f   sfc_debug:sfcdebug.obj
 0001:00021f10       sf_debug_break_on_state_entry 0000000180022f10 f   sfc_debug:sfcdebug.obj
 0001:00021f20       sf_debug_break_between_times 0000000180022f20 f   sfc_debug:sfcdebug.obj
 0001:00021f40       sf_debug_browse_data       0000000180022f40 f   sfc_debug:sfcdebug.obj
 0001:00021f60       sf_debug_watch_data        0000000180022f60 f   sfc_debug:sfcdebug.obj
 0001:00021f80       sf_debug_assign_data       0000000180022f80 f   sfc_debug:sfcdebug.obj
 0001:00021fa0       sf_debug_whos              0000000180022fa0 f   sfc_debug:sfcdebug.obj
 0001:00021fc0       sf_debug_get_consistency_info 0000000180022fc0 f   sfc_debug:sfcdebug.obj
 0001:00021fd0       sf_debug_browse_trace      0000000180022fd0 f   sfc_debug:sfcdebug.obj
 0001:00021fe0       sf_debug_set_breakpoints   0000000180022fe0 f   sfc_debug:sfcdebug.obj
 0001:00022140       sf_debug_set_eml_breakpoints 0000000180023140 f   sfc_debug:sfcdebug.obj
 0001:000222a0       sf_debug_set_script_breakpoints 00000001800232a0 f   sfc_debug:sfcdebug.obj
 0001:00022320       sf_debug_add_script_breakpoints 0000000180023320 f   sfc_debug:sfcdebug.obj
 0001:00022390       sf_debug_clear_script_breakpoints 0000000180023390 f   sfc_debug:sfcdebug.obj
 0001:00022400       sf_debug_query_script_breakpoints 0000000180023400 f   sfc_debug:sfcdebug.obj
 0001:000224c0       sf_debug_get_eml_script_id 00000001800234c0 f   sfc_debug:sfcdebug.obj
 0001:00022510       sf_debug_set_watch         0000000180023510 f   sfc_debug:sfcdebug.obj
 0001:00022740       sf_debug_get_coverage      0000000180023740 f   sfc_debug:sfcdebug.obj
 0001:00022750       sf_debug_get_instance_handle 0000000180023750 f   sfc_debug:sfcdebug.obj
 0001:000227e0       sf_debug_get_active_states 00000001800237e0 f   sfc_debug:sfcdebug.obj
 0001:000227f0       sf_debug_get_animation     00000001800237f0 f   sfc_debug:sfcdebug.obj
 0001:00022800       sf_debug_set_animation     0000000180023800 f   sfc_debug:sfcdebug.obj
 0001:00022810       sf_debug_animate           0000000180023810 f   sfc_debug:sfcdebug.obj
 0001:00022840       sf_debug_cycle_detection_check 0000000180023840 f   sfc_debug:sfcdebug.obj
 0001:00022850       sf_debug_data_range_check  0000000180023850 f   sfc_debug:sfcdebug.obj
 0001:00022860       sf_debug_transition_conflict_check 0000000180023860 f   sfc_debug:sfcdebug.obj
 0001:00022870       sf_debug_state_consistency_check 0000000180023870 f   sfc_debug:sfcdebug.obj
 0001:00022880       sf_debug_data_range_check_enabled 0000000180023880 f   sfc_debug:sfcdebug.obj
 0001:000228a0       sf_debug_transition_conflict_check_enabled 00000001800238a0 f   sfc_debug:sfcdebug.obj
 0001:000228c0       sf_debug_transition_conflict_check_begin 00000001800238c0 f   sfc_debug:sfcdebug.obj
 0001:000228e0       sf_debug_transition_conflict_check_end 00000001800238e0 f   sfc_debug:sfcdebug.obj
 0001:00022900       sf_debug_stop_debugging    0000000180023900 f   sfc_debug:sfcdebug.obj
 0001:00022930       sf_debug_is_cycle_detected 0000000180023930 f   sfc_debug:sfcdebug.obj
 0001:00022940       sf_debug_is_array_bounds_detected 0000000180023940 f   sfc_debug:sfcdebug.obj
 0001:00022950       sf_debug_get_state_vectors_data_size 0000000180023950 f   sfc_debug:sfcdebug.obj
 0001:00022990       sf_debug_get_state_vectors_data 0000000180023990 f   sfc_debug:sfcdebug.obj
 0001:00022a90       sf_debug_set_state_vectors_data 0000000180023a90 f   sfc_debug:sfcdebug.obj
 0001:00022d50       sf_debug_get_script_index  0000000180023d50 f   sfc_debug:sfcdebug.obj
 0001:00022ee0       sf_debug_add_script        0000000180023ee0 f   sfc_debug:sfcdebug.obj
 0001:00023070       cv_eval_point              0000000180024070 f   sfc_debug:sfcdebug.obj
 0001:000231e0       sf_debug_cv_init_state     00000001800241e0 f   sfc_debug:sfcdebug.obj
 0001:00023300       sf_debug_cv_init_chart     0000000180024300 f   sfc_debug:sfcdebug.obj
 0001:000233e0       sf_debug_cv_init_trans     00000001800243e0 f   sfc_debug:sfcdebug.obj
 0001:00023550       cv_eml_init_script         0000000180024550 f   sfc_debug:sfcdebug.obj
 0001:00023630       cv_eml_init_fcn            0000000180024630 f   sfc_debug:sfcdebug.obj
 0001:000236e0       cv_eml_init_testobjective  00000001800246e0 f   sfc_debug:sfcdebug.obj
 0001:00023790       cv_eml_init_if             0000000180024790 f   sfc_debug:sfcdebug.obj
 0001:00023840       cv_eml_init_for            0000000180024840 f   sfc_debug:sfcdebug.obj
 0001:000238f0       cv_eml_init_while          00000001800248f0 f   sfc_debug:sfcdebug.obj
 0001:000239a0       cv_eml_init_mcdc           00000001800249a0 f   sfc_debug:sfcdebug.obj
 0001:00023aa0       cv_eml_init_switch         0000000180024aa0 f   sfc_debug:sfcdebug.obj
 0001:00023b80       cv_eml_eval                0000000180024b80 f   sfc_debug:sfcdebug.obj
 0001:00023c60       sf_debug_bm_is_a_eml_breakpoint 0000000180024c60 f   sfc_debug:sfcdebug.obj
 0001:00023db0       sf_debug_temporal_threshold 0000000180024db0 f   sfc_debug:sfcdebug.obj
 0001:00024110       sf_debug_transition_conflict_error 0000000180025110 f   sfc_debug:sfcdebug.obj
 0001:00024490       sf_debug_state_inconsistency_error 0000000180025490 f   sfc_debug:sfcdebug.obj
 0001:000245b0       sf_debug_check_for_state_inconsistency 00000001800255b0 f   sfc_debug:sfcdebug.obj
 0001:000245e0       sf_debug_cycle_detecton_error 00000001800255e0 f   sfc_debug:sfcdebug.obj
 0001:00024dd0       sf_debug_size_eq_check_1d  0000000180025dd0 f   sfc_debug:sfcdebug.obj
 0001:00024df0       sf_debug_size_eq_check_nd  0000000180025df0 f   sfc_debug:sfcdebug.obj
 0001:00024fd0       sf_debug_dim_size_eq_check 0000000180025fd0 f   sfc_debug:sfcdebug.obj
 0001:00025000       sf_debug_dim_size_geq_check 0000000180026000 f   sfc_debug:sfcdebug.obj
 0001:00025030       sf_debug_sub_assign_size_check_nd 0000000180026030 f   sfc_debug:sfcdebug.obj
 0001:00025270       sf_debug_matrix_matrix_index_check 0000000180026270 f   sfc_debug:sfcdebug.obj
 0001:000252a0       sf_debug_vector_vector_index_check 00000001800262a0 f   sfc_debug:sfcdebug.obj
 0001:000252d0       sf_debug_runtime_error_msgid 00000001800262d0 f   sfc_debug:sfcdebug.obj
 0001:00025360       sf_debug_data_array_bounds_error_check 0000000180026360 f   sfc_debug:sfcdebug.obj
 0001:00025470       sf_debug_eml_data_array_bounds_error_check 0000000180026470 f   sfc_debug:sfcdebug.obj
 0001:00025950       sf_debug_integer_check     0000000180026950 f   sfc_debug:sfcdebug.obj
 0001:00025a30       sf_debug_not_nan_check     0000000180026a30 f   sfc_debug:sfcdebug.obj
 0001:00025af0       sf_debug_non_negative_check 0000000180026af0 f   sfc_debug:sfcdebug.obj
 0001:00025bb0       sf_debug_overflow_detection 0000000180026bb0 f   sfc_debug:sfcdebug.obj
 0001:000262a0       sf_debug_cast_to_real32_T  00000001800272a0 f   sfc_debug:sfcdebug.obj
 0001:00026360       sf_debug_cast_to_int8_T    0000000180027360 f   sfc_debug:sfcdebug.obj
 0001:00026420       sf_debug_cast_to_uint8_T   0000000180027420 f   sfc_debug:sfcdebug.obj
 0001:000264e0       sf_debug_cast_to_int16_T   00000001800274e0 f   sfc_debug:sfcdebug.obj
 0001:000265a0       sf_debug_cast_to_uint16_T  00000001800275a0 f   sfc_debug:sfcdebug.obj
 0001:00026660       sf_debug_cast_to_int32_T   0000000180027660 f   sfc_debug:sfcdebug.obj
 0001:00026720       sf_debug_cast_to_uint32_T  0000000180027720 f   sfc_debug:sfcdebug.obj
 0001:000267e0       sf_debug_data_range_error  00000001800277e0 f   sfc_debug:sfcdebug.obj
 0001:00026c60       sf_debug_data_range_error_wrapper_min_max 0000000180027c60 f   sfc_debug:sfcdebug.obj
 0001:00026d50       sf_debug_data_range_error_wrapper_min 0000000180027d50 f   sfc_debug:sfcdebug.obj
 0001:00026e30       sf_debug_data_range_error_wrapper_max 0000000180027e30 f   sfc_debug:sfcdebug.obj
 0001:00026f10       sf_debug_data_range_wrapper 0000000180027f10 f   sfc_debug:sfcdebug.obj
 0001:00026fc0       sf_debug_set_current_status_info 0000000180027fc0 f   sfc_debug:sfcdebug.obj
 0001:00027370       sf_debug_call              0000000180028370 f   sfc_debug:sfcdebug.obj
 0001:00028230       sf_debug_initialize_machine 0000000180029230 f   sfc_debug:sfcdebug.obj
 0001:00028540       sf_debug_initialize_chart  0000000180029540 f   sfc_debug:sfcdebug.obj
 0001:00028a20       sf_debug_ensure_script     0000000180029a20 f   sfc_debug:sfcdebug.obj
 0001:00028ae0       cv_script_init_script      0000000180029ae0 f   sfc_debug:sfcdebug.obj
 0001:00028bc0       cv_script_init_fcn         0000000180029bc0 f   sfc_debug:sfcdebug.obj
 0001:00028c70       cv_script_init_testobjective 0000000180029c70 f   sfc_debug:sfcdebug.obj
 0001:00028d20       cv_script_init_if          0000000180029d20 f   sfc_debug:sfcdebug.obj
 0001:00028dd0       cv_script_init_for         0000000180029dd0 f   sfc_debug:sfcdebug.obj
 0001:00028e80       cv_script_init_while       0000000180029e80 f   sfc_debug:sfcdebug.obj
 0001:00028f30       cv_script_init_mcdc        0000000180029f30 f   sfc_debug:sfcdebug.obj
 0001:00029030       cv_script_init_switch      000000018002a030 f   sfc_debug:sfcdebug.obj
 0001:00029110       cv_script_eval             000000018002a110 f   sfc_debug:sfcdebug.obj
 0001:000291f0       eml_debug_line_call        000000018002a1f0 f   sfc_debug:sfcdebug.obj
 0001:000293a0       sf_debug_terminate         000000018002a3a0 f   sfc_debug:sfcdebug.obj
 0001:00029510       sf_debug_set_script_cv_ids 000000018002a510 f   sfc_debug:sfcdebug.obj
 0001:000296e0       sf_debug_api               000000018002a6e0 f   sfc_debug:sfc_api.obj
 0001:0002af10       sf_debug_sm_terminate      000000018002bf10 f   sfc_debug:sfdb_animation.obj
 0001:0002b0d0       sf_debug_reset_path_objects 000000018002c0d0 f   sfc_debug:sfdb_animation.obj
 0001:0002b150       sf_debug_sm_reset_object_selection_status 000000018002c150 f   sfc_debug:sfdb_animation.obj
 0001:0002b1f0       sf_debug_sm_reset_state_buffer 000000018002c1f0 f   sfc_debug:sfdb_animation.obj
 0001:0002b2c0       sf_debug_sm_store_state_buffer 000000018002c2c0 f   sfc_debug:sfdb_animation.obj
 0001:0002b340       sf_debug_sm_restore_state_buffer1 000000018002c340 f   sfc_debug:sfdb_animation.obj
 0001:0002b3b0       sf_debug_sm_restore_state_buffer2 000000018002c3b0 f   sfc_debug:sfdb_animation.obj
 0001:0002b420       sf_debug_sm_chart_active   000000018002c420 f   sfc_debug:sfdb_animation.obj
 0001:0002b470       sf_debug_sm_select_active_objects 000000018002c470 f   sfc_debug:sfdb_animation.obj
 0001:0002b920       sf_debug_sm_is_chart_active 000000018002c920 f   sfc_debug:sfdb_animation.obj
 0001:0002b960       sf_debug_sm_is_state_active 000000018002c960 f   sfc_debug:sfdb_animation.obj
 0001:0002bba0       sf_debug_sm_get_active_states 000000018002cba0 f   sfc_debug:sfdb_animation.obj
 0001:0002c160       sf_debug_sm_initialize_instance 000000018002d160 f   sfc_debug:sfdb_animation.obj
 0001:0002c3b0       sf_debug_sm_change_object_selection_status 000000018002d3b0 f   sfc_debug:sfdb_animation.obj
 0001:0002c6a0       cv_create_interface        000000018002d6a0 f   sfc_debug:cv_sfinterface.obj
 0001:0002ca00       cv_init_trans              000000018002da00 f   sfc_debug:cv_sfinterface.obj
 0001:0002ca50       cv_init_state              000000018002da50 f   sfc_debug:cv_sfinterface.obj
 0001:0002cac0       cv_init_chart              000000018002dac0 f   sfc_debug:cv_sfinterface.obj
 0001:0002cb10       cv_dec_update_call         000000018002db10 f   sfc_debug:cv_sfinterface.obj
 0001:0002cb50       cv_cond_update_call        000000018002db50 f   sfc_debug:cv_sfinterface.obj
 0001:0002cb90       cv_sigrange_update         000000018002db90 f   sfc_debug:cv_sfinterface.obj
 0001:0002cbd0       cvsf_eml_eval              000000018002dbd0 f   sfc_debug:cv_sfinterface.obj
 0001:0002ccb0       cvsf_eml_init_script       000000018002dcb0 f   sfc_debug:cv_sfinterface.obj
 0001:0002cd30       cvsf_eml_init_fcn          000000018002dd30 f   sfc_debug:cv_sfinterface.obj
 0001:0002cd90       cvsf_eml_init_testobjective 000000018002dd90 f   sfc_debug:cv_sfinterface.obj
 0001:0002cdf0       cvsf_eml_init_if           000000018002ddf0 f   sfc_debug:cv_sfinterface.obj
 0001:0002ce50       cvsf_eml_init_for          000000018002de50 f   sfc_debug:cv_sfinterface.obj
 0001:0002cea0       cvsf_eml_init_while        000000018002dea0 f   sfc_debug:cv_sfinterface.obj
 0001:0002cef0       cvsf_eml_init_mcdc         000000018002def0 f   sfc_debug:cv_sfinterface.obj
 0001:0002cf80       cvsf_eml_init_switch       000000018002df80 f   sfc_debug:cv_sfinterface.obj
 0001:0002cff0       cvsf_script_eval           000000018002dff0 f   sfc_debug:cv_sfinterface.obj
 0001:0002d0d0       cvsf_script_init_script    000000018002e0d0 f   sfc_debug:cv_sfinterface.obj
 0001:0002d150       cvsf_script_init_fcn       000000018002e150 f   sfc_debug:cv_sfinterface.obj
 0001:0002d1b0       cvsf_script_init_testobjective 000000018002e1b0 f   sfc_debug:cv_sfinterface.obj
 0001:0002d210       cvsf_script_init_if        000000018002e210 f   sfc_debug:cv_sfinterface.obj
 0001:0002d270       cvsf_script_init_for       000000018002e270 f   sfc_debug:cv_sfinterface.obj
 0001:0002d2c0       cvsf_script_init_while     000000018002e2c0 f   sfc_debug:cv_sfinterface.obj
 0001:0002d310       cvsf_script_init_mcdc      000000018002e310 f   sfc_debug:cv_sfinterface.obj
 0001:0002d3a0       cvsf_script_init_switch    000000018002e3a0 f   sfc_debug:cv_sfinterface.obj
 0001:0002d410       cv_destroy_interface       000000018002e410 f   sfc_debug:cv_sfinterface.obj
 0001:0002d430       cv_create_instance_objects 000000018002e430 f   sfc_debug:cv_sfinterface.obj
 0001:0002d8e0       cv_is_enabled              000000018002e8e0 f   sfc_debug:cv_sfinterface.obj
 0001:0002d8f0       sf_debug_cv_initialize_script 000000018002e8f0 f   sfc_debug:cv_sfinterface.obj
 0001:0002daa0       sf_debug_cv_initialize_instance 000000018002eaa0 f   sfc_debug:cv_sfinterface.obj
 0001:0002de40       sf_debug_cv_terminate_chart 000000018002ee40 f   sfc_debug:cv_sfinterface.obj
 0001:0002df80       cv_call_trans_test         000000018002ef80 f   sfc_debug:cv_sfinterface.obj
 0001:0002df90       cv_call_sub_cond_test      000000018002ef90 f   sfc_debug:cv_sfinterface.obj
 0001:0002e0c0       sf_debug_hm_initialize_instance 000000018002f0c0 f   sfc_debug:sfdb_handle_management.obj
 0001:0002e640       sf_debug_hm_get_object_id  000000018002f640 f   sfc_debug:sfdb_handle_management.obj
 0001:000305b0       sf_debug_object_is_eml_function 00000001800315b0 f   sfc_debug:sfdb_handle_management.obj
 0001:00030620       sf_debug_hm_initialize_ids_in_machine 0000000180031620 f   sfc_debug:sfdb_handle_management.obj
 0001:00030790       sf_debug_hm_initialize_ids_in_chart 0000000180031790 f   sfc_debug:sfdb_handle_management.obj
 0001:000308d0       sf_debug_hm_initialize_chart 00000001800318d0 f   sfc_debug:sfdb_handle_management.obj
 0001:00031080       sf_debug_hm_terminate      0000000180032080 f   sfc_debug:sfdb_handle_management.obj
 0001:000310e0       sf_debug_hm_initialize_machine 00000001800320e0 f   sfc_debug:sfdb_handle_management.obj
 0001:00031890       sf_debug_st_initialize_machine 0000000180032890 f   sfc_debug:sfdb_data_browse.obj
 0001:00031950       sf_debug_st_initialize_instance 0000000180032950 f   sfc_debug:sfdb_data_browse.obj
 0001:00031b80       sf_debug_st_terminate      0000000180032b80 f   sfc_debug:sfdb_data_browse.obj
 0001:00031f20       sf_debug_st_set_data_value_ptr_in_machine 0000000180032f20 f   sfc_debug:sfdb_data_browse.obj
 0001:00031fb0       sf_debug_st_set_data_value_ptr_in_instance 0000000180032fb0 f   sfc_debug:sfdb_data_browse.obj
 0001:00032090       sf_debug_st_unset_data_value_ptr_in_machine 0000000180033090 f   sfc_debug:sfdb_data_browse.obj
 0001:00032100       sf_debug_st_unset_data_value_ptr_in_instance 0000000180033100 f   sfc_debug:sfdb_data_browse.obj
 0001:00032410       sf_debug_mx_value          0000000180033410 f   sfc_debug:sfdb_data_browse.obj
 0001:00032470       sf_debug_mx_packed_vector  0000000180033470 f   sfc_debug:sfdb_data_browse.obj
 0001:00032550       sf_debug_mx_uint_vector    0000000180033550 f   sfc_debug:sfdb_data_browse.obj
 0001:00032610       sf_debug_st_get_double_value_from_void_ptr_vector 0000000180033610 f   sfc_debug:sfdb_data_browse.obj
 0001:00033100       sf_debug_st_browse_data    0000000180034100 f   sfc_debug:sfdb_data_browse.obj
 0001:000338a0       sf_debug_ss_initialize     00000001800348a0 f   sfc_debug:sfdb_symbol_scope.obj
 0001:000338c0       sf_debug_ss_terminate      00000001800348c0 f   sfc_debug:sfdb_symbol_scope.obj
 0001:00033950       sf_debug_ss_push_symbol_scope 0000000180034950 f   sfc_debug:sfdb_symbol_scope.obj
 0001:00033a50       sf_debug_ss_push_symbol_scope_eml 0000000180034a50 f   sfc_debug:sfdb_symbol_scope.obj
 0001:00033ab0       sf_debug_ss_pop_symbol_scope 0000000180034ab0 f   sfc_debug:sfdb_symbol_scope.obj
 0001:00033b60       sf_debug_ss_add_symbol     0000000180034b60 f   sfc_debug:sfdb_symbol_scope.obj
 0001:00033cc0       sf_debug_ss_add_symbol_eml 0000000180034cc0 f   sfc_debug:sfdb_symbol_scope.obj
 0001:000349a0       sf_debug_ss_set_data_value 00000001800359a0 f   sfc_debug:sfdb_symbol_scope.obj
 0001:00034e40       sf_debug_ss_watch_data     0000000180035e40 f   sfc_debug:sfdb_symbol_scope.obj
 0001:00034ee0       sf_debug_ss_assign_data    0000000180035ee0 f   sfc_debug:sfdb_symbol_scope.obj
 0001:000358e0       get_data_entry_name        00000001800368e0 f   sfc_debug:sfdb_symbol_scope.obj
 0001:00035930       sf_debug_ss_whos           0000000180036930 f   sfc_debug:sfdb_symbol_scope.obj
 0001:00036040       sf_debug_cc_initialize_chart 0000000180037040 f   sfc_debug:sfdb_coverage.obj
 0001:00036a30       sf_debug_cc_initialize_instance 0000000180037a30 f   sfc_debug:sfdb_coverage.obj
 0001:00037830       sf_debug_cc_terminate      0000000180038830 f   sfc_debug:sfdb_coverage.obj
 0001:00037920       sf_debug_cc_set_transition_maps 0000000180038920 f   sfc_debug:sfdb_coverage.obj
 0001:00037a50       sf_debug_cc_set_state_maps 0000000180038a50 f   sfc_debug:sfdb_coverage.obj
 0001:00037b30       sf_debug_cc_set_transition_weights 0000000180038b30 f   sfc_debug:sfdb_coverage.obj
 0001:00037e00       sf_debug_cc_set_state_weights 0000000180038e00 f   sfc_debug:sfdb_coverage.obj
 0001:000380d0       sf_debug_cc_mark_transition_guard 00000001800390d0 f   sfc_debug:sfdb_coverage.obj
 0001:00038160       sf_debug_cc_mark_transition_trigger 0000000180039160 f   sfc_debug:sfdb_coverage.obj
 0001:000381f0       sf_debug_cc_mark_transition_decision 00000001800391f0 f   sfc_debug:sfdb_coverage.obj
 0001:00038260       sf_debug_cc_mark_transition_condition_action 0000000180039260 f   sfc_debug:sfdb_coverage.obj
 0001:000382b0       sf_debug_cc_mark_transition_transition_action 00000001800392b0 f   sfc_debug:sfdb_coverage.obj
 0001:00038300       sf_debug_cc_mark_state_entry 0000000180039300 f   sfc_debug:sfdb_coverage.obj
 0001:00038350       sf_debug_cc_mark_state_during 0000000180039350 f   sfc_debug:sfdb_coverage.obj
 0001:000383a0       sf_debug_cc_mark_state_exit 00000001800393a0 f   sfc_debug:sfdb_coverage.obj
 0001:00038be0       sf_debug_cc_get_coverage   0000000180039be0 f   sfc_debug:sfdb_coverage.obj
 0001:00039180       sf_debug_bm_clear_script_breakpoints 000000018003a180 f   sfc_debug:sfdb_breakpoints.obj
 0001:000391b0       sf_debug_bm_set_script_breakpoint 000000018003a1b0 f   sfc_debug:sfdb_breakpoints.obj
 0001:00039230       sf_debug_bm_clear_single_script_breakpoint 000000018003a230 f   sfc_debug:sfdb_breakpoints.obj
 0001:000392b0       sf_debug_bm_query_script_breakpoint 000000018003a2b0 f   sfc_debug:sfdb_breakpoints.obj
 0001:00039300       sf_debug_bm_initialize_scripts 000000018003a300 f   sfc_debug:sfdb_breakpoints.obj
 0001:00039a20       sf_debug_bm_terminate      000000018003aa20 f   sfc_debug:sfdb_breakpoints.obj
 0001:00039d10       sf_debug_bm_remove_all_breakpoints_in_machine 000000018003ad10 f   sfc_debug:sfdb_breakpoints.obj
 0001:00039d80       sf_debug_bm_remove_all_breakpoints_in_chart 000000018003ad80 f   sfc_debug:sfdb_breakpoints.obj
 0001:00039ed0       sf_debug_bm_initialize_global_breakpoints 000000018003aed0 f   sfc_debug:sfdb_breakpoints.obj
 0001:0003a050       sf_debug_bm_set_breakpoint 000000018003b050 f   sfc_debug:sfdb_breakpoints.obj
 0001:0003a680       sf_debug_bm_set_eml_breakpoint 000000018003b680 f   sfc_debug:sfdb_breakpoints.obj
 0001:0003a720       sf_debug_bm_initialize_machine_breakpoint_map 000000018003b720 f   sfc_debug:sfdb_breakpoints.obj
 0001:0003ab40       sf_debug_bm_is_a_breakpoint 000000018003bb40 f   sfc_debug:sfdb_breakpoints.obj
 0001:0003b060       sf_debug_bm_get_all_breakpoints_in_machine 000000018003c060 f   sfc_debug:sfdb_breakpoints.obj
 0001:0003b360       sf_debug_bm_get_all_breakpoints_in_chart 000000018003c360 f   sfc_debug:sfdb_breakpoints.obj
 0001:0003c020       sf_debug_bm_initialize_machine 000000018003d020 f   sfc_debug:sfdb_breakpoints.obj
 0001:0003c0f0       sf_debug_bm_initialize_chart 000000018003d0f0 f   sfc_debug:sfdb_breakpoints.obj
 0001:0003c510       sf_debug_sc_terminate      000000018003d510 f   sfc_debug:sfdb_state_consistency.obj
 0001:0003c840       sf_debug_sc_is_chart_consistent 000000018003d840 f   sfc_debug:sfdb_state_consistency.obj
 0001:0003caf0       sf_debug_sc_get_consistency_error_info 000000018003daf0 f   sfc_debug:sfdb_state_consistency.obj
 0001:0003cf40       sf_debug_tm_terminate      000000018003df40 f   sfc_debug:sfdb_call_stack.obj
 0001:0003d000       sf_debug_tm_push_chart_instance 000000018003e000 f   sfc_debug:sfdb_call_stack.obj
 0001:0003d150       sf_debug_tm_pop_chart_instance 000000018003e150 f   sfc_debug:sfdb_call_stack.obj
 0001:0003d1b0       sf_debug_tm_push_trace_node 000000018003e1b0 f   sfc_debug:sfdb_call_stack.obj
 0001:0003d340       sf_debug_tm_pop_trace_node 000000018003e340 f   sfc_debug:sfdb_call_stack.obj
 0001:0003d3c0       sf_debug_tm_get_current_global_trace_index 000000018003e3c0 f   sfc_debug:sfdb_call_stack.obj
 0001:0003d3d0       sf_debug_tm_get_current_local_trace_index 000000018003e3d0 f   sfc_debug:sfdb_call_stack.obj
 0001:0003d400       sf_debug_tm_set_cycle_detected_flag 000000018003e400 f   sfc_debug:sfdb_call_stack.obj
 0001:0003d440       sf_debug_tm_set_cycle_started_flag 000000018003e440 f   sfc_debug:sfdb_call_stack.obj
 0001:0003d480       sf_debug_tm_get_chart_number_from_stack 000000018003e480 f   sfc_debug:sfdb_call_stack.obj
 0001:0003d680       sf_debug_tm_browse_trace   000000018003e680 f   sfc_debug:sfdb_call_stack.obj
 0001:0003d9c0       sf_debug_cd_initialize_instance 000000018003e9c0 f   sfc_debug:sfdb_cycle_detection.obj
 0001:0003dc70       sf_debug_cd_mark_processed_transition_in_instance 000000018003ec70 f   sfc_debug:sfdb_cycle_detection.obj
 0001:0003dd10       sf_debug_cd_checksum_push  000000018003ed10 f   sfc_debug:sfdb_cycle_detection.obj
 0001:0003dfd0       sf_debug_cd_checksum_pop   000000018003efd0 f   sfc_debug:sfdb_cycle_detection.obj
 0001:0003e040       sf_debug_cd_turn_off_cycle_detection 000000018003f040 f   sfc_debug:sfdb_cycle_detection.obj
 0001:0003e090       sf_debug_cd_terminate      000000018003f090 f   sfc_debug:sfdb_cycle_detection.obj
 0001:0003e2d0       md5_initialize_state       000000018003f2d0 f   sfc_debug:ckmd5.obj
 0001:0003ed40       md5_update_state           000000018003fd40 f   sfc_debug:ckmd5.obj
 0001:0003ed60       md5_get_hash               000000018003fd60 f   sfc_debug:ckmd5.obj
 0001:0003ed90       md5_get_hash_for_a_single_string 000000018003fd90 f   sfc_debug:ckmd5.obj
 0001:0003edf4       mxGetPr                    000000018003fdf4 f   libmx:libmx.dll
 0001:0003edfa       mxCreateDoubleScalar       000000018003fdfa f   libmx:libmx.dll
 0001:0003ee00       mxSetField_730             000000018003fe00 f   libmx:libmx.dll
 0001:0003ee06       mxCreateDoubleMatrix_730   000000018003fe06 f   libmx:libmx.dll
 0001:0003ee0c       mxCreateStructMatrix_730   000000018003fe0c f   libmx:libmx.dll
 0001:0003ee12       mxDestroyArray             000000018003fe12 f   libmx:libmx.dll
 0001:0003ee18       mxCreateString             000000018003fe18 f   libmx:libmx.dll
 0001:0003ee1e       mxDuplicateArray           000000018003fe1e f   libmx:libmx.dll
 0001:0003ee24       mxGetNaN                   000000018003fe24 f   libmx:libmx.dll
 0001:0003ee2a       mxGetString_730            000000018003fe2a f   libmx:libmx.dll
 0001:0003ee30       mxIsChar                   000000018003fe30 f   libmx:libmx.dll
 0001:0003ee36       mxGetClassID               000000018003fe36 f   libmx:libmx.dll
 0001:0003ee3c       mxIsNumeric                000000018003fe3c f   libmx:libmx.dll
 0001:0003ee42       mxIsComplex                000000018003fe42 f   libmx:libmx.dll
 0001:0003ee48       mxGetN                     000000018003fe48 f   libmx:libmx.dll
 0001:0003ee4e       mxGetM                     000000018003fe4e f   libmx:libmx.dll
 0001:0003ee54       mxCalloc                   000000018003fe54 f   libmx:libmx.dll
 0001:0003ee5a       mxGetScalar                000000018003fe5a f   libmx:libmx.dll
 0001:0003ee60       mxIsLogical                000000018003fe60 f   libmx:libmx.dll
 0001:0003ee66       mxCreateDoubleMatrix_700   000000018003fe66 f   libmx:libmx.dll
 0001:0003ee6c       mxFree                     000000018003fe6c f   libmx:libmx.dll
 0001:0003ee72       mxArrayToString            000000018003fe72 f   libmx:libmx.dll
 0001:0003ee78       mxCreateCellMatrix_700     000000018003fe78 f   libmx:libmx.dll
 0001:0003ee7e       mxSetCell_700              000000018003fe7e f   libmx:libmx.dll
 0001:0003ee84       mxGetCell_700              000000018003fe84 f   libmx:libmx.dll
 0001:0003ee8a       mxGetClassName             000000018003fe8a f   libmx:libmx.dll
 0001:0003ee90       mxSetField_700             000000018003fe90 f   libmx:libmx.dll
 0001:0003ee96       mxAddField                 000000018003fe96 f   libmx:libmx.dll
 0001:0003ee9c       mxGetField_700             000000018003fe9c f   libmx:libmx.dll
 0001:0003eea2       mxGetNumberOfElements      000000018003fea2 f   libmx:libmx.dll
 0001:0003eea8       mxIsStruct                 000000018003fea8 f   libmx:libmx.dll
 0001:0003eeae       mxIsClass                  000000018003feae f   libmx:libmx.dll
 0001:0003eeb4       mxGetLogicals              000000018003feb4 f   libmx:libmx.dll
 0001:0003eeba       mxIsSparse                 000000018003feba f   libmx:libmx.dll
 0001:0003eec0       mxSetFieldByNumber_700     000000018003fec0 f   libmx:libmx.dll
 0001:0003eec6       mxGetFieldByNumber_700     000000018003fec6 f   libmx:libmx.dll
 0001:0003eecc       mxGetFieldNameByNumber     000000018003fecc f   libmx:libmx.dll
 0001:0003eed2       mxGetNumberOfFields        000000018003fed2 f   libmx:libmx.dll
 0001:0003eed8       mxCreateStructMatrix_700   000000018003fed8 f   libmx:libmx.dll
 0001:0003eede       mxGetFieldNumber           000000018003fede f   libmx:libmx.dll
 0001:0003eee4       mxIsNaN                    000000018003fee4 f   libmx:libmx.dll
 0001:0003eeea       mxIsEmpty                  000000018003feea f   libmx:libmx.dll
 0001:0003eef0       mxGetData                  000000018003fef0 f   libmx:libmx.dll
 0001:0003eef6       mxGetImagData              000000018003fef6 f   libmx:libmx.dll
 0001:0003eefc       mxArrayClassIDName         000000018003fefc f   libmx:libmx.dll
 0001:0003ef02       mxCreateNumericMatrix_700  000000018003ff02 f   libmx:libmx.dll
 0001:0003ef08       mxCreateStructArray_700    000000018003ff08 f   libmx:libmx.dll
 0001:0003ef0e       mxCalcSingleSubscript_700  000000018003ff0e f   libmx:libmx.dll
 0001:0003ef14       mxGetDimensions_700        000000018003ff14 f   libmx:libmx.dll
 0001:0003ef1a       mxGetNumberOfDimensions_700 000000018003ff1a f   libmx:libmx.dll
 0001:0003ef20       mxCreateNumericArray_700   000000018003ff20 f   libmx:libmx.dll
 0001:0003ef26       mxGetElementSize           000000018003ff26 f   libmx:libmx.dll
 0001:0003ef2c       mxCreateStringFromNChars_700 000000018003ff2c f   libmx:libmx.dll
 0001:0003ef32       mxGetString_700            000000018003ff32 f   libmx:libmx.dll
 0001:0003ef38       mxIsLogicalScalarTrue      000000018003ff38 f   libmx:libmx.dll
 0001:0003ef3e       mxCreateLogicalScalar      000000018003ff3e f   libmx:libmx.dll
 0001:0003ef44       mexUnlock                  000000018003ff44 f   libmex:libmex.dll
 0001:0003ef4a       mexIsLocked                000000018003ff4a f   libmex:libmex.dll
 0001:0003ef50       mexWarnMsgTxt              000000018003ff50 f   libmex:libmex.dll
 0001:0003ef56       mexCallMATLAB              000000018003ff56 f   libmex:libmex.dll
 0001:0003ef5c       mexErrMsgTxt               000000018003ff5c f   libmex:libmex.dll
 0001:0003ef62       mexSetTrapFlag             000000018003ff62 f   libmex:libmex.dll
 0001:0003ef68       mexMakeArrayPersistent     000000018003ff68 f   libmex:libmex.dll
 0001:0003ef6e       mexPutVariable             000000018003ff6e f   libmex:libmex.dll
 0001:0003ef74       mexGetVariable             000000018003ff74 f   libmex:libmex.dll
 0001:0003ef7a       mexLock                    000000018003ff7a f   libmex:libmex.dll
 0001:0003ef80       mexMakeMemoryPersistent    000000018003ff80 f   libmex:libmex.dll
 0001:0003ef86       mexFunctionName            000000018003ff86 f   libmex:libmex.dll
 0001:0003ef8c       ssRegisterDataTypeFxpFSlopeFixExpBias 000000018003ff8c f   libfixedpoint:libfixedpoint.dll
 0001:0003ef92       utVSNprintf                000000018003ff92 f   libut:libut.dll
 0001:0003ef98       utCPUtime                  000000018003ff98 f   libut:libut.dll
 0001:0003ef9e       utFree                     000000018003ff9e f   libut:libut.dll
 0001:0003efa4       utMalloc                   000000018003ffa4 f   libut:libut.dll
 0001:0003efaa       muSingleScalarIsNaN        000000018003ffaa f   libmwmathutil:libmwmathutil.dll
 0001:0003efb0       muSingleScalarExp          000000018003ffb0 f   libmwmathutil:libmwmathutil.dll
 0001:0003efb6       emlrtCheckBuiltInCtxR2011a 000000018003ffb6 f   libemlrt:libemlrt.dll
 0001:0003efbc       emlrtCheckVsBuiltInCtxR2011a 000000018003ffbc f   libemlrt:libemlrt.dll
 0001:0003efc2       emlrtCheckEnumR2009a       000000018003ffc2 f   libemlrt:libemlrt.dll
 0001:0003efc8       emlrtCreateEnumR2010a      000000018003ffc8 f   libemlrt:libemlrt.dll
 0001:0003efce       emlrtGetEnumElementR2009a  000000018003ffce f   libemlrt:libemlrt.dll
 0001:0003efd4       emlrtCreateReference       000000018003ffd4 f   libemlrt:libemlrt.dll
 0001:0003efda       emlrtImportVsFiArrayR2009b 000000018003ffda f   libemlrt:libemlrt.dll
 0001:0003efe0       emlrtExtractMessageId      000000018003ffe0 f   libemlrt:libemlrt.dll
 0001:0003efe6       emlrtTranslateMessageIDtoLCPstring 000000018003ffe6 f   libemlrt:libemlrt.dll
 0001:0003efec       emlrtGetEnumUnderlyingArrayR2009a 000000018003ffec f   libemlrt:libemlrt.dll
 0001:0003eff2       emlrtIsEnumR2009a          000000018003fff2 f   libemlrt:libemlrt.dll
 0001:0003eff8       __GSHandlerCheckCommon     000000018003fff8 f   MSVCRT:gshandler.obj
 0001:0003f05c       __GSHandlerCheck           000000018004005c f   MSVCRT:gshandler.obj
 0001:0003f07a       strlen                     000000018004007a f   MSVCRT:MSVCR100.dll
 0001:0003f090       __security_check_cookie    0000000180040090 f   MSVCRT:amdsecgs.obj
 0001:0003f0c0       __chkstk                   00000001800400c0 f   MSVCRT:chkstk.obj
 0001:0003f0c0       _alloca_probe              00000001800400c0     MSVCRT:chkstk.obj
 0001:0003f10e       memset                     000000018004010e f   MSVCRT:MSVCR100.dll
 0001:0003f114       malloc                     0000000180040114 f   MSVCRT:MSVCR100.dll
 0001:0003f11a       free                       000000018004011a f   MSVCRT:MSVCR100.dll
 0001:0003f120       strcmp                     0000000180040120 f   MSVCRT:MSVCR100.dll
 0001:0003f126       sprintf                    0000000180040126 f   MSVCRT:MSVCR100.dll
 0001:0003f12c       strcat                     000000018004012c f   MSVCRT:MSVCR100.dll
 0001:0003f132       memcpy                     0000000180040132 f   MSVCRT:MSVCR100.dll
 0001:0003f138       NtCurrentTeb               0000000180040138 f i MSVCRT:crtdll.obj
 0001:0003f1a4       _CRT_INIT                  00000001800401a4 f   MSVCRT:crtdll.obj
 0001:0003f53c       _DllMainCRTStartup         000000018004053c f   MSVCRT:crtdll.obj
 0001:0003f57a       strncpy                    000000018004057a f   MSVCRT:MSVCR100.dll
 0001:0003f580       longjmp                    0000000180040580 f   MSVCRT:MSVCR100.dll
 0001:0003f586       strncmp                    0000000180040586 f   MSVCRT:MSVCR100.dll
 0001:0003f58c       ceil                       000000018004058c f   MSVCRT:MSVCR100.dll
 0001:0003f592       strrchr                    0000000180040592 f   MSVCRT:MSVCR100.dll
 0001:0003f598       _setjmp                    0000000180040598 f   MSVCRT:MSVCR100.dll
 0001:0003f59e       calloc                     000000018004059e f   MSVCRT:MSVCR100.dll
 0001:0003f5a4       realloc                    00000001800405a4 f   MSVCRT:MSVCR100.dll
 0001:0003f5aa       ldexp                      00000001800405aa f   MSVCRT:MSVCR100.dll
 0001:0003f5b0       __report_gsfailure         00000001800405b0 f   MSVCRT:gs_report.obj
 0001:0003f6fc       __clean_type_info_names    00000001800406fc f   MSVCRT:tncleanup.obj
 0001:0003f708       _onexit                    0000000180040708 f   MSVCRT:atonexit.obj
 0001:0003f7b8       atexit                     00000001800407b8 f   MSVCRT:atonexit.obj
 0001:0003f7d0       _RTC_Initialize            00000001800407d0 f   MSVCRT:_initsect_.obj
 0001:0003f808       _RTC_Terminate             0000000180040808 f   MSVCRT:_initsect_.obj
 0001:0003f840       _malloc_crt                0000000180040840 f   MSVCRT:MSVCR100.dll
 0001:0003f850       _ValidateImageBase         0000000180040850 f   MSVCRT:pesect.obj
 0001:0003f880       _FindPESection             0000000180040880 f   MSVCRT:pesect.obj
 0001:0003f8d0       _IsNonwritableInCurrentImage 00000001800408d0 f   MSVCRT:pesect.obj
 0001:0003f912       _initterm                  0000000180040912 f   MSVCRT:MSVCR100.dll
 0001:0003f918       _initterm_e                0000000180040918 f   MSVCRT:MSVCR100.dll
 0001:0003f91e       _encoded_null              000000018004091e f   MSVCRT:MSVCR100.dll
 0001:0003f924       _amsg_exit                 0000000180040924 f   MSVCRT:MSVCR100.dll
 0001:0003f92a       __C_specific_handler       000000018004092a f   MSVCRT:MSVCR100.dll
 0001:0003f930       __CppXcptFilter            0000000180040930 f   MSVCRT:MSVCR100.dll
 0001:0003f938       DllMain                    0000000180040938 f   MSVCRT:dllmain.obj
 0001:0003f95c       __security_init_cookie     000000018004095c f   MSVCRT:gs_support.obj
 0001:0003fa10       __crt_debugger_hook        0000000180040a10 f   MSVCRT:MSVCR100.dll
 0001:0003fa16       __clean_type_info_names_internal 0000000180040a16 f   MSVCRT:MSVCR100.dll
 0001:0003fa1c       _unlock                    0000000180040a1c f   MSVCRT:MSVCR100.dll
 0001:0003fa22       __dllonexit                0000000180040a22 f   MSVCRT:MSVCR100.dll
 0001:0003fa28       _lock                      0000000180040a28 f   MSVCRT:MSVCR100.dll
 0001:0003fa2e       EncodePointer              0000000180040a2e f   kernel32:KERNEL32.dll
 0001:0003fa34       DecodePointer              0000000180040a34 f   kernel32:KERNEL32.dll
 0001:0003fa3a       Sleep                      0000000180040a3a f   kernel32:KERNEL32.dll
 0001:0003fa40       TerminateProcess           0000000180040a40 f   kernel32:KERNEL32.dll
 0001:0003fa46       GetCurrentProcess          0000000180040a46 f   kernel32:KERNEL32.dll
 0001:0003fa4c       UnhandledExceptionFilter   0000000180040a4c f   kernel32:KERNEL32.dll
 0001:0003fa52       SetUnhandledExceptionFilter 0000000180040a52 f   kernel32:KERNEL32.dll
 0001:0003fa58       IsDebuggerPresent          0000000180040a58 f   kernel32:KERNEL32.dll
 0001:0003fa5e       RtlVirtualUnwind           0000000180040a5e f   kernel32:KERNEL32.dll
 0001:0003fa64       RtlLookupFunctionEntry     0000000180040a64 f   kernel32:KERNEL32.dll
 0001:0003fa6a       RtlCaptureContext          0000000180040a6a f   kernel32:KERNEL32.dll
 0001:0003fa70       DisableThreadLibraryCalls  0000000180040a70 f   kernel32:KERNEL32.dll
 0001:0003fa76       QueryPerformanceCounter    0000000180040a76 f   kernel32:KERNEL32.dll
 0001:0003fa7c       GetTickCount               0000000180040a7c f   kernel32:KERNEL32.dll
 0001:0003fa82       GetCurrentThreadId         0000000180040a82 f   kernel32:KERNEL32.dll
 0001:0003fa88       GetCurrentProcessId        0000000180040a88 f   kernel32:KERNEL32.dll
 0001:0003fa8e       GetSystemTimeAsFileTime    0000000180040a8e f   kernel32:KERNEL32.dll
 0002:00000000       __imp_GetSystemTimeAsFileTime 0000000180041000     kernel32:KERNEL32.dll
 0002:00000008       __imp_GetCurrentProcessId  0000000180041008     kernel32:KERNEL32.dll
 0002:00000010       __imp_GetCurrentThreadId   0000000180041010     kernel32:KERNEL32.dll
 0002:00000018       __imp_GetTickCount         0000000180041018     kernel32:KERNEL32.dll
 0002:00000020       __imp_QueryPerformanceCounter 0000000180041020     kernel32:KERNEL32.dll
 0002:00000028       __imp_DisableThreadLibraryCalls 0000000180041028     kernel32:KERNEL32.dll
 0002:00000030       __imp_RtlCaptureContext    0000000180041030     kernel32:KERNEL32.dll
 0002:00000038       __imp_RtlLookupFunctionEntry 0000000180041038     kernel32:KERNEL32.dll
 0002:00000040       __imp_RtlVirtualUnwind     0000000180041040     kernel32:KERNEL32.dll
 0002:00000048       __imp_IsDebuggerPresent    0000000180041048     kernel32:KERNEL32.dll
 0002:00000050       __imp_SetUnhandledExceptionFilter 0000000180041050     kernel32:KERNEL32.dll
 0002:00000058       __imp_UnhandledExceptionFilter 0000000180041058     kernel32:KERNEL32.dll
 0002:00000060       __imp_GetCurrentProcess    0000000180041060     kernel32:KERNEL32.dll
 0002:00000068       __imp_TerminateProcess     0000000180041068     kernel32:KERNEL32.dll
 0002:00000070       __imp_Sleep                0000000180041070     kernel32:KERNEL32.dll
 0002:00000078       __imp_DecodePointer        0000000180041078     kernel32:KERNEL32.dll
 0002:00000080       __imp_EncodePointer        0000000180041080     kernel32:KERNEL32.dll
 0002:00000088       \177KERNEL32_NULL_THUNK_DATA 0000000180041088     kernel32:KERNEL32.dll
 0002:00000090       __imp__onexit              0000000180041090     MSVCRT:MSVCR100.dll
 0002:00000098       __imp__lock                0000000180041098     MSVCRT:MSVCR100.dll
 0002:000000a0       __imp___dllonexit          00000001800410a0     MSVCRT:MSVCR100.dll
 0002:000000a8       __imp__unlock              00000001800410a8     MSVCRT:MSVCR100.dll
 0002:000000b0       __imp___clean_type_info_names_internal 00000001800410b0     MSVCRT:MSVCR100.dll
 0002:000000b8       __imp___crt_debugger_hook  00000001800410b8     MSVCRT:MSVCR100.dll
 0002:000000c0       __imp___CppXcptFilter      00000001800410c0     MSVCRT:MSVCR100.dll
 0002:000000c8       __imp___C_specific_handler 00000001800410c8     MSVCRT:MSVCR100.dll
 0002:000000d0       __imp__amsg_exit           00000001800410d0     MSVCRT:MSVCR100.dll
 0002:000000d8       __imp__encoded_null        00000001800410d8     MSVCRT:MSVCR100.dll
 0002:000000e0       __imp__initterm_e          00000001800410e0     MSVCRT:MSVCR100.dll
 0002:000000e8       __imp__initterm            00000001800410e8     MSVCRT:MSVCR100.dll
 0002:000000f0       __imp__malloc_crt          00000001800410f0     MSVCRT:MSVCR100.dll
 0002:000000f8       __imp_ldexp                00000001800410f8     MSVCRT:MSVCR100.dll
 0002:00000100       __imp_realloc              0000000180041100     MSVCRT:MSVCR100.dll
 0002:00000108       __imp_calloc               0000000180041108     MSVCRT:MSVCR100.dll
 0002:00000110       __imp__setjmp              0000000180041110     MSVCRT:MSVCR100.dll
 0002:00000118       __imp_strrchr              0000000180041118     MSVCRT:MSVCR100.dll
 0002:00000120       __imp_ceil                 0000000180041120     MSVCRT:MSVCR100.dll
 0002:00000128       __imp_strncmp              0000000180041128     MSVCRT:MSVCR100.dll
 0002:00000130       __imp_longjmp              0000000180041130     MSVCRT:MSVCR100.dll
 0002:00000138       __imp_strncpy              0000000180041138     MSVCRT:MSVCR100.dll
 0002:00000140       __imp_memcpy               0000000180041140     MSVCRT:MSVCR100.dll
 0002:00000148       __imp_strcat               0000000180041148     MSVCRT:MSVCR100.dll
 0002:00000150       __imp_sprintf              0000000180041150     MSVCRT:MSVCR100.dll
 0002:00000158       __imp_strcmp               0000000180041158     MSVCRT:MSVCR100.dll
 0002:00000160       __imp_free                 0000000180041160     MSVCRT:MSVCR100.dll
 0002:00000168       __imp_malloc               0000000180041168     MSVCRT:MSVCR100.dll
 0002:00000170       __imp_memset               0000000180041170     MSVCRT:MSVCR100.dll
 0002:00000178       __imp_strlen               0000000180041178     MSVCRT:MSVCR100.dll
 0002:00000180       \177MSVCR100_NULL_THUNK_DATA 0000000180041180     MSVCRT:MSVCR100.dll
 0002:00000188       __imp_emlrtIsEnumR2009a    0000000180041188     libemlrt:libemlrt.dll
 0002:00000190       __imp_emlrtGetEnumUnderlyingArrayR2009a 0000000180041190     libemlrt:libemlrt.dll
 0002:00000198       __imp_emlrtTranslateMessageIDtoLCPstring 0000000180041198     libemlrt:libemlrt.dll
 0002:000001a0       __imp_emlrtExtractMessageId 00000001800411a0     libemlrt:libemlrt.dll
 0002:000001a8       __imp_emlrtImportVsFiArrayR2009b 00000001800411a8     libemlrt:libemlrt.dll
 0002:000001b0       __imp_emlrtCreateReference 00000001800411b0     libemlrt:libemlrt.dll
 0002:000001b8       __imp_emlrtGetEnumElementR2009a 00000001800411b8     libemlrt:libemlrt.dll
 0002:000001c0       __imp_emlrtCreateEnumR2010a 00000001800411c0     libemlrt:libemlrt.dll
 0002:000001c8       __imp_emlrtCheckEnumR2009a 00000001800411c8     libemlrt:libemlrt.dll
 0002:000001d0       __imp_emlrtCheckVsBuiltInCtxR2011a 00000001800411d0     libemlrt:libemlrt.dll
 0002:000001d8       __imp_emlrtCheckBuiltInCtxR2011a 00000001800411d8     libemlrt:libemlrt.dll
 0002:000001e0       \177libemlrt_NULL_THUNK_DATA 00000001800411e0     libemlrt:libemlrt.dll
 0002:000001e8       __imp_ssRegisterDataTypeFxpFSlopeFixExpBias 00000001800411e8     libfixedpoint:libfixedpoint.dll
 0002:000001f0       \177libfixedpoint_NULL_THUNK_DATA 00000001800411f0     libfixedpoint:libfixedpoint.dll
 0002:000001f8       __imp_mexMakeArrayPersistent 00000001800411f8     libmex:libmex.dll
 0002:00000200       __imp_mexPutVariable       0000000180041200     libmex:libmex.dll
 0002:00000208       __imp_mexGetVariable       0000000180041208     libmex:libmex.dll
 0002:00000210       __imp_mexLock              0000000180041210     libmex:libmex.dll
 0002:00000218       __imp_mexMakeMemoryPersistent 0000000180041218     libmex:libmex.dll
 0002:00000220       __imp_mexFunctionName      0000000180041220     libmex:libmex.dll
 0002:00000228       __imp_mexSetTrapFlag       0000000180041228     libmex:libmex.dll
 0002:00000230       __imp_mexErrMsgTxt         0000000180041230     libmex:libmex.dll
 0002:00000238       __imp_mexIsLocked          0000000180041238     libmex:libmex.dll
 0002:00000240       __imp_mexUnlock            0000000180041240     libmex:libmex.dll
 0002:00000248       __imp_mexWarnMsgTxt        0000000180041248     libmex:libmex.dll
 0002:00000250       __imp_mexCallMATLAB        0000000180041250     libmex:libmex.dll
 0002:00000258       \177libmex_NULL_THUNK_DATA 0000000180041258     libmex:libmex.dll
 0002:00000260       __imp_muSingleScalarIsNaN  0000000180041260     libmwmathutil:libmwmathutil.dll
 0002:00000268       __imp_muSingleScalarExp    0000000180041268     libmwmathutil:libmwmathutil.dll
 0002:00000270       \177libmwmathutil_NULL_THUNK_DATA 0000000180041270     libmwmathutil:libmwmathutil.dll
 0002:00000278       __imp_mxCreateStructMatrix_730 0000000180041278     libmx:libmx.dll
 0002:00000280       __imp_mxCreateDoubleMatrix_730 0000000180041280     libmx:libmx.dll
 0002:00000288       __imp_mxCreateDoubleScalar 0000000180041288     libmx:libmx.dll
 0002:00000290       __imp_mxSetField_730       0000000180041290     libmx:libmx.dll
 0002:00000298       __imp_mxDestroyArray       0000000180041298     libmx:libmx.dll
 0002:000002a0       __imp_mxCreateLogicalScalar 00000001800412a0     libmx:libmx.dll
 0002:000002a8       __imp_mxIsLogicalScalarTrue 00000001800412a8     libmx:libmx.dll
 0002:000002b0       __imp_mxGetString_700      00000001800412b0     libmx:libmx.dll
 0002:000002b8       __imp_mxCreateStringFromNChars_700 00000001800412b8     libmx:libmx.dll
 0002:000002c0       __imp_mxGetElementSize     00000001800412c0     libmx:libmx.dll
 0002:000002c8       __imp_mxCreateNumericArray_700 00000001800412c8     libmx:libmx.dll
 0002:000002d0       __imp_mxGetNumberOfDimensions_700 00000001800412d0     libmx:libmx.dll
 0002:000002d8       __imp_mxGetDimensions_700  00000001800412d8     libmx:libmx.dll
 0002:000002e0       __imp_mxCalcSingleSubscript_700 00000001800412e0     libmx:libmx.dll
 0002:000002e8       __imp_mxCreateStructArray_700 00000001800412e8     libmx:libmx.dll
 0002:000002f0       __imp_mxCreateNumericMatrix_700 00000001800412f0     libmx:libmx.dll
 0002:000002f8       __imp_mxArrayClassIDName   00000001800412f8     libmx:libmx.dll
 0002:00000300       __imp_mxGetImagData        0000000180041300     libmx:libmx.dll
 0002:00000308       __imp_mxGetData            0000000180041308     libmx:libmx.dll
 0002:00000310       __imp_mxIsEmpty            0000000180041310     libmx:libmx.dll
 0002:00000318       __imp_mxIsNaN              0000000180041318     libmx:libmx.dll
 0002:00000320       __imp_mxGetFieldNumber     0000000180041320     libmx:libmx.dll
 0002:00000328       __imp_mxCreateStructMatrix_700 0000000180041328     libmx:libmx.dll
 0002:00000330       __imp_mxGetNumberOfFields  0000000180041330     libmx:libmx.dll
 0002:00000338       __imp_mxGetFieldNameByNumber 0000000180041338     libmx:libmx.dll
 0002:00000340       __imp_mxGetFieldByNumber_700 0000000180041340     libmx:libmx.dll
 0002:00000348       __imp_mxSetFieldByNumber_700 0000000180041348     libmx:libmx.dll
 0002:00000350       __imp_mxIsSparse           0000000180041350     libmx:libmx.dll
 0002:00000358       __imp_mxGetLogicals        0000000180041358     libmx:libmx.dll
[...]
 0001:00017240       _ml_generic_castability_check 0000000180018240 f   sfc_mex:sfc_mex.obj
 0001:00017fa0       ml_generic_castability_check 0000000180018fa0 f   sfc_mex:sfc_mex.obj
 0001:00018040       ml_check_mx_array_for_single_castability 0000000180019040 f   sfc_mex:sfc_mex.obj
 0001:000180e0       ml_check_mx_array_for_logical_castability 00000001800190e0 f   sfc_mex:sfc_mex.obj
 0001:00018180       ml_check_mx_array_for_int8_castability 0000000180019180 f   sfc_mex:sfc_mex.obj
 0001:00018230       ml_check_mx_array_for_uint8_castability 0000000180019230 f   sfc_mex:sfc_mex.obj
 0001:00018290       ml_check_mx_array_for_int16_castability 0000000180019290 f   sfc_mex:sfc_mex.obj
 0001:000182f0       ml_check_mx_array_for_uint16_castability 00000001800192f0 f   sfc_mex:sfc_mex.obj
 0001:00018350       ml_check_mx_array_for_int32_castability 0000000180019350 f   sfc_mex:sfc_mex.obj
 0001:000183b0       ml_check_mx_array_for_uint32_castability 00000001800193b0 f   sfc_mex:sfc_mex.obj
 0001:00018410       ml_check_mx_array_for_castability 0000000180019410 f   sfc_mex:sfc_mex.obj
 0001:00018d40       set_data_value             0000000180019d40 f   sfc_mex:sfc_mex.obj
 0001:000190b0       get_data_value             000000018001a0b0 f   sfc_mex:sfc_mex.obj
 0001:000191c0       get_next_element_address   000000018001a1c0 f   sfc_mex:sfc_mex.obj
 0001:00019290       sf_normalize_index         000000018001a290 f   sfc_mex:sfc_mex.obj
 0001:00019620       ml_array_index_bound_check 000000018001a620 f   sfc_mex:sfc_mex.obj
 0001:0001a140       mx_value                   000000018001b140 f   sfc_mex:sfc_mex.obj
 0001:0001a190       sf_create_numeric_array    000000018001b190 f   sfc_mex:sfc_mex.obj
 0001:0001a230       sf_mex_assign_to_mx_array  000000018001b230 f   sfc_mex:sfc_mex.obj
 0001:0001a580       assign_from_mx_array       000000018001b580 f   sfc_mex:sfc_mex.obj
 0001:0001adb0       sf_mex_import_v            000000018001bdb0 f   sfc_mex:sfc_mex.obj
 0001:0001b380       get_machine_and_chart_file_number 000000018001c380 f   sfc_mex:sfc_sf.obj
 0001:0001b470       get_sfun_block_specialization 000000018001c470 f   sfc_mex:sfc_sf.obj
 0001:0001b4f0       call_sf_machine_global_method_dispatcher 000000018001c4f0 f   sfc_mex:sfc_sf.obj
 0001:0001b720       mdl_zeroCrossings_processing 000000018001c720 f   sfc_mex:sfc_sf.obj
 0001:0001b7f0       mdl_derivatives_processing 000000018001c7f0 f   sfc_mex:sfc_sf.obj
 0001:0001bab0       mdl_outputs_continuous_legacy 000000018001cab0 f   sfc_mex:sfc_sf.obj
 0001:0001bb30       mdl_outputs_processing     000000018001cb30 f   sfc_mex:sfc_sf.obj
 0001:0001bd60       mdl_enable_processing      000000018001cd60 f   sfc_mex:sfc_sf.obj
 0001:0001be30       mdl_disable_processing     000000018001ce30 f   sfc_mex:sfc_sf.obj
 0001:0001c780       write_symbol_mapping       000000018001d780 f   sfc_mex:sfc_sf.obj
 0001:0001cea0       sf_call_output_fcn_enable_disable 000000018001dea0 f   sfc_mex:sfc_sf.obj
 0001:0001d120       set_dwork_information_from_mx_array 000000018001e120 f   sfc_mex:sfc_sf.obj
 0001:0001da10       ptr2mxStruct               000000018001ea10 f   sfc_mex:sfc_sf.obj
 0001:0001dd20       SNPRINTF_WRAPPER           000000018001ed20 f   sfc_debug:sfcdebug.obj
 0001:0001dd40       sf_debug_chart_instance_initialized_quick 000000018001ed40 f   sfc_debug:sfcdebug.obj
 0001:0001dd50       sf_debug_chart_instance_initialized 000000018001ed50 f   sfc_debug:sfcdebug.obj
 0001:0001def0       sfrtAddSize                000000018001eef0 f   sfc_debug:sfcdebug.obj
 0001:0001dfb0       sfrtGenSizeString          000000018001efb0 f   sfc_debug:sfcdebug.obj
 0001:0001e6c0       sf_debug_sim_status_listener 000000018001f6c0 f   sfc_debug:sfcdebug.obj
 0001:0001ec30       sf_debug_form_mask_bits    000000018001fc30 f   sfc_debug:sfcdebug.obj
 0001:0001ec70       sf_debug_form_sf_data_type_offsets 000000018001fc70 f   sfc_debug:sfcdebug.obj
 0001:0001ed30       sf_debug_free_all          000000018001fd30 f   sfc_debug:sfcdebug.obj
 0001:0001eeb0       sf_debug_append_debugger_context 000000018001feb0 f   sfc_debug:sfcdebug.obj
 0001:0001f170       local_strdup               0000000180020170 f   sfc_debug:sfcdebug.obj
 0001:00020050       sf_debug_em_terminate      0000000180021050 f   sfc_debug:sfcdebug.obj
 0001:00020090       sf_debug_push_eml_function 0000000180021090 f   sfc_debug:sfcdebug.obj
 0001:00020130       sf_debug_pop_eml_function  0000000180021130 f   sfc_debug:sfcdebug.obj
 0001:00020e30       sf_debug_get_machine_number_from_id_or_name 0000000180021e30 f   sfc_debug:sfcdebug.obj
 0001:00020f80       sf_debug_get_chart_number_from_id 0000000180021f80 f   sfc_debug:sfcdebug.obj
 0001:00021bf0       sf_debug_transfer_control_to_debugger_GUI 0000000180022bf0 f   sfc_debug:sfcdebug.obj
 0001:00022b90       sf_debug_scripts_rehash    0000000180023b90 f   sfc_debug:sfcdebug.obj
 0001:00022dd0       sf_debug_get_script_line_count 0000000180023dd0 f   sfc_debug:sfcdebug.obj
 0001:000234e0       cv_eml_state_cvId          00000001800244e0 f   sfc_debug:sfcdebug.obj
 0001:00024700       sf_debug_data_array_bounds_error 0000000180025700 f   sfc_debug:sfcdebug.obj
 0001:00024b30       eml_debug_runtime_error_doclink 0000000180025b30 f   sfc_debug:sfcdebug.obj
 0001:00024cb0       sf_debug_runtime_error     0000000180025cb0 f   sfc_debug:sfcdebug.obj
 0001:00024d20       sf_debug_matlab_error      0000000180025d20 f   sfc_debug:sfcdebug.obj
 0001:000255d0       sf_debug_data_value_error  00000001800265d0 f   sfc_debug:sfcdebug.obj
 0001:00025ed0       sf_debug_data_loss_error   0000000180026ed0 f   sfc_debug:sfcdebug.obj
 0001:00026b30       call_cv_range_check        0000000180027b30 f   sfc_debug:sfcdebug.obj
 0001:00027300       sf_debug_invoke_cycle_detection_code 0000000180028300 f   sfc_debug:sfcdebug.obj
 0001:00028170       sf_reset_debug_info_struct 0000000180029170 f   sfc_debug:sfcdebug.obj
 0001:00028a60       cv_script_cvId             0000000180029a60 f   sfc_debug:sfcdebug.obj
 0001:00029850       sfc_api_chart_visible      000000018002a850 f   sfc_debug:sfc_api.obj
 0001:000298d0       sfc_api_active_instance    000000018002a8d0 f   sfc_debug:sfc_api.obj
 0001:00029950       sfc_api_machine_load       000000018002a950 f   sfc_debug:sfc_api.obj
 0001:00029a20       sfc_api_debugger_alive     000000018002aa20 f   sfc_debug:sfc_api.obj
 0001:00029a30       sfc_api_go                 000000018002aa30 f   sfc_debug:sfc_api.obj
 0001:00029a40       sfc_api_step_over          000000018002aa40 f   sfc_debug:sfc_api.obj
 0001:00029a50       sfc_api_step_out           000000018002aa50 f   sfc_debug:sfc_api.obj
 0001:00029a60       sfc_api_resume             000000018002aa60 f   sfc_debug:sfc_api.obj
 0001:00029a70       sfc_api_break              000000018002aa70 f   sfc_debug:sfc_api.obj
 0001:00029a80       sfc_api_stop_debugging     000000018002aa80 f   sfc_debug:sfc_api.obj
 0001:00029ad0       sfc_api_is_cycle_detected  000000018002aad0 f   sfc_debug:sfc_api.obj
 0001:00029b20       sfc_api_is_array_bounds_detected 000000018002ab20 f   sfc_debug:sfc_api.obj
 0001:00029b70       sfc_api_set_disable_all_breakpoints 000000018002ab70 f   sfc_debug:sfc_api.obj
 0001:00029be0       sfc_api_disable_all_breakpoints_and_go 000000018002abe0 f   sfc_debug:sfc_api.obj
 0001:00029bf0       sfc_api_close              000000018002abf0 f   sfc_debug:sfc_api.obj
 0001:00029c00       sfc_api_browse_data        000000018002ac00 f   sfc_debug:sfc_api.obj
 0001:00029c70       sfc_api_watch_data         000000018002ac70 f   sfc_debug:sfc_api.obj
 0001:00029d10       sfc_api_assign_data        000000018002ad10 f   sfc_debug:sfc_api.obj
 0001:00029db0       sfc_api_whos               000000018002adb0 f   sfc_debug:sfc_api.obj
 0001:00029e40       sfc_api_get_consistency_info 000000018002ae40 f   sfc_debug:sfc_api.obj
 0001:00029e50       sfc_api_browse_trace       000000018002ae50 f   sfc_debug:sfc_api.obj
 0001:00029e60       sfc_api_break_on_chart_entry 000000018002ae60 f   sfc_debug:sfc_api.obj
 0001:00029e80       sfc_api_break_on_event_broadcast 000000018002ae80 f   sfc_debug:sfc_api.obj
 0001:00029ea0       sfc_api_break_on_state_entry 000000018002aea0 f   sfc_debug:sfc_api.obj
 0001:00029ec0       sfc_api_set_watch          000000018002aec0 f   sfc_debug:sfc_api.obj
 0001:00029f60       sfc_api_set_breakpoints    000000018002af60 f   sfc_debug:sfc_api.obj
 0001:0002a000       sfc_api_set_eml_breakpoints 000000018002b000 f   sfc_debug:sfc_api.obj
 0001:0002a080       sfc_api_set_script_breakpoints 000000018002b080 f   sfc_debug:sfc_api.obj
 0001:0002a0d0       sfc_api_add_script_breakpoints 000000018002b0d0 f   sfc_debug:sfc_api.obj
 0001:0002a120       sfc_api_clear_script_breakpoints 000000018002b120 f   sfc_debug:sfc_api.obj
 0001:0002a170       sfc_api_query_script_breakpoints 000000018002b170 f   sfc_debug:sfc_api.obj
 0001:0002a1d0       sfc_api_get_script_id      000000018002b1d0 f   sfc_debug:sfc_api.obj
 0001:0002a290       sfc_api_get_active_states  000000018002b290 f   sfc_debug:sfc_api.obj
 0001:0002a310       sfc_api_break_between_times 000000018002b310 f   sfc_debug:sfc_api.obj
 0001:0002a370       sfc_api_get_instance_handle 000000018002b370 f   sfc_debug:sfc_api.obj
 0001:0002a420       sfc_api_get_coverage       000000018002b420 f   sfc_debug:sfc_api.obj
 0001:0002a4a0       sfc_api_set_animation      000000018002b4a0 f   sfc_debug:sfc_api.obj
 0001:0002a4f0       sfc_api_select_chart       000000018002b4f0 f   sfc_debug:sfc_api.obj
 0001:0002a550       sfc_api_select_charts      000000018002b550 f   sfc_debug:sfc_api.obj
 0001:0002a580       sfc_api_cycle_detection_check 000000018002b580 f   sfc_debug:sfc_api.obj
 0001:0002a5d0       sfc_api_data_range_check   000000018002b5d0 f   sfc_debug:sfc_api.obj
 0001:0002a620       sfc_api_transition_conflict_check 000000018002b620 f   sfc_debug:sfc_api.obj
 0001:0002a670       sfc_api_state_consistency_check 000000018002b670 f   sfc_debug:sfc_api.obj
 0001:0002a6c0       sfc_api_set_instance_cv_ids 000000018002b6c0 f   sfc_debug:sfc_api.obj
 0001:0002a7d0       sfc_api_set_script_cv_ids  000000018002b7d0 f   sfc_debug:sfc_api.obj
 0001:0002a870       sfc_api_get_current_machine_id 000000018002b870 f   sfc_debug:sfc_api.obj
 0001:0002a8a0       sfc_api_get_current_machine_number 000000018002b8a0 f   sfc_debug:sfc_api.obj
 0001:0002a8d0       sfc_api_get_current_chart_number 000000018002b8d0 f   sfc_debug:sfc_api.obj
 0001:0002a900       sfc_api_get_current_instance_number 000000018002b900 f   sfc_debug:sfc_api.obj
 0001:0002a930       sfc_api_get_current_instance_handle 000000018002b930 f   sfc_debug:sfc_api.obj
 0001:0002a950       sfc_api_get_current_is_minor_time_step 000000018002b950 f   sfc_debug:sfc_api.obj
 0001:0002a980       sfc_api_get_current_machine_name 000000018002b980 f   sfc_debug:sfc_api.obj
 0001:0002a9a0       sfc_api_get_current_chart_id 000000018002b9a0 f   sfc_debug:sfc_api.obj
 0001:0002a9d0       sfc_api_get_current_object_type 000000018002b9d0 f   sfc_debug:sfc_api.obj
 0001:0002aa00       sfc_api_get_current_event_type 000000018002ba00 f   sfc_debug:sfc_api.obj
 0001:0002aa30       sfc_api_get_current_object_id 000000018002ba30 f   sfc_debug:sfc_api.obj
 0001:0002aa60       sfc_get_current_active_event_type 000000018002ba60 f   sfc_debug:sfc_api.obj
 0001:0002aa90       sfc_api_get_current_active_event_id 000000018002ba90 f   sfc_debug:sfc_api.obj
 0001:0002aac0       sfc_api_get_current_simulation_time 000000018002bac0 f   sfc_debug:sfc_api.obj
 0001:0002aae0       sfc_get_current_tag_type   000000018002bae0 f   sfc_debug:sfc_api.obj
 0001:0002ab10       sfc_get_current_coverage_percentage 000000018002bb10 f   sfc_debug:sfc_api.obj
 0001:0002ab30       sfc_get_current_statement_context 000000018002bb30 f   sfc_debug:sfc_api.obj
 0001:0002ab50       sfc_get_current_optional_integer 000000018002bb50 f   sfc_debug:sfc_api.obj
 0001:0002ab80       sfc_get_current_statement_info 000000018002bb80 f   sfc_debug:sfc_api.obj
 0001:0002ac20       sfc_api_get                000000018002bc20 f   sfc_debug:sfc_api.obj
 0001:0002ad80       sf_debug_sm_is_using_unified_editors 000000018002bd80 f   sfc_debug:sfdb_animation.obj
 0001:0002ae20       sf_debug_sm_is_chart_visible_in_unified_editors 000000018002be20 f   sfc_debug:sfdb_animation.obj
 0001:0002aee0       sf_debug_sm_check_if_chart_is_visible 000000018002bee0 f   sfc_debug:sfdb_animation.obj
 0001:0002b9e0       sf_debug_sm_fill_state_activity_data 000000018002c9e0 f   sfc_debug:sfdb_animation.obj
 0001:0002dfd0       sf_debug_hm_get_simulink_handle 000000018002efd0 f   sfc_debug:sfdb_handle_management.obj
 0001:0002eb20       sf_debug_hm_initialize_globals 000000018002fb20 f   sfc_debug:sfdb_handle_management.obj
 0001:0002ec20       sf_debug_hm_get_machine_debug_flag 000000018002fc20 f   sfc_debug:sfdb_handle_management.obj
 0001:0002ed90       sf_debug_hm_get_machine_id 000000018002fd90 f   sfc_debug:sfdb_handle_management.obj
 0001:0002eeb0       sf_debug_hm_get_chart_id   000000018002feb0 f   sfc_debug:sfdb_handle_management.obj
 0001:0002f050       sf_debug_hm_register_executing_SFunction 0000000180030050 f   sfc_debug:sfdb_handle_management.obj
 0001:0002f1f0       sf_debug_hm_get_chart_active_instance 00000001800301f0 f   sfc_debug:sfdb_handle_management.obj
 0001:0002f360       sf_debug_hm_get_chart_visibility 0000000180030360 f   sfc_debug:sfdb_handle_management.obj
 0001:0002f4b0       sf_debug_hm_form_object_boolean_properties 00000001800304b0 f   sfc_debug:sfdb_handle_management.obj
 0001:0002f780       sf_debug_hm_form_object_properties 0000000180030780 f   sfc_debug:sfdb_handle_management.obj
 0001:0002f9c0       sf_debug_hm_terminate_charts 00000001800309c0 f   sfc_debug:sfdb_handle_management.obj
 0001:00030130       sf_debug_hm_terminate_machines 0000000180031130 f   sfc_debug:sfdb_handle_management.obj
 0001:00031a50       void_ptr_stack_vector_free_total 0000000180032a50 f   sfc_debug:sfdb_data_browse.obj
 0001:00031ae0       sf_debug_st_terminate_machine 0000000180032ae0 f   sfc_debug:sfdb_data_browse.obj
 0001:00031b20       sf_debug_st_terminate_instance 0000000180032b20 f   sfc_debug:sfdb_data_browse.obj
 0001:00031ed0       push_on_to_void_ptr_stack  0000000180032ed0 f   sfc_debug:sfdb_data_browse.obj
 0001:00032060       pop_from_void_ptr_stack    0000000180033060 f   sfc_debug:sfdb_data_browse.obj
 0001:00032190       sf_debug_st_get_data_value 0000000180033190 f   sfc_debug:sfdb_data_browse.obj
 0001:00032720       mx_value                   0000000180033720 f   sfc_debug:sfdb_data_browse.obj
 0001:00032760       sf_debug_st_fill_data_struct 0000000180033760 f   sfc_debug:sfdb_data_browse.obj
 0001:00032aa0       data_type_format_strings   0000000180033aa0 f   sfc_debug:sfdb_data_browse.obj
 0001:00032b50       sf_debug_st_fill_data      0000000180033b50 f   sfc_debug:sfdb_data_browse.obj
 0001:00033d90       sf_debug_ss_copy_dimension 0000000180034d90 f   sfc_debug:sfdb_symbol_scope.obj
 0001:00033e50       sf_debug_ss_get_number_elements 0000000180034e50 f   sfc_debug:sfdb_symbol_scope.obj
 0001:00033e70       sf_debug_ss_fill_data_struct 0000000180034e70 f   sfc_debug:sfdb_symbol_scope.obj
 0001:000341c0       sf_debug_ss_reset_data_info 00000001800351c0 f   sfc_debug:sfdb_symbol_scope.obj
 0001:00034220       sf_debug_fill_data_info_by_symbol_scope_entry 0000000180035220 f   sfc_debug:sfdb_symbol_scope.obj
 0001:000342e0       sf_debug_fill_data_info_by_data_vector 00000001800352e0 f   sfc_debug:sfdb_symbol_scope.obj
 0001:00034530       sf_debug_ss_get_data_info  0000000180035530 f   sfc_debug:sfdb_symbol_scope.obj
 0001:00034820       sf_debug_select_mex_function 0000000180035820 f   sfc_debug:sfdb_symbol_scope.obj
 0001:00034850       sf_debug_is_dyn_matrix_initialized 0000000180035850 f   sfc_debug:sfdb_symbol_scope.obj
 0001:00034870       sf_debug_ss_set_data_value_try 0000000180035870 f   sfc_debug:sfdb_symbol_scope.obj
 0001:00034a40       sf_debug_ss_get_data_value 0000000180035a40 f   sfc_debug:sfdb_symbol_scope.obj
 0001:00034f90       sf_debug_ss_data_bytes_string 0000000180035f90 f   sfc_debug:sfdb_symbol_scope.obj
 0001:00035040       sf_debug_ss_data_class_string 0000000180036040 f   sfc_debug:sfdb_symbol_scope.obj
 0001:000353d0       sf_debug_ss_data_size_string 00000001800363d0 f   sfc_debug:sfdb_symbol_scope.obj
 0001:000354b0       sf_debug_ss_data_create_data_info_struct 00000001800364b0 f   sfc_debug:sfdb_symbol_scope.obj
 0001:00035780       sf_debug_ss_data_create_name_value_pair 0000000180036780 f   sfc_debug:sfdb_symbol_scope.obj
 0001:00035820       sf_debug_ss_data_get_whos_info 0000000180036820 f   sfc_debug:sfdb_symbol_scope.obj
 0001:00035830       same_named_data_in_data_array 0000000180036830 f   sfc_debug:sfdb_symbol_scope.obj
 0001:000370a0       sf_debug_cc_terminate_chart 00000001800380a0 f   sfc_debug:sfdb_coverage.obj
 0001:00037440       sf_debug_cc_terminate_instance 0000000180038440 f   sfc_debug:sfdb_coverage.obj
 0001:00038030       sf_debug_cc_mark_object_if_needed 0000000180039030 f   sfc_debug:sfdb_coverage.obj
 0001:000383f0       sf_debug_cc_fill_transition_coverage_data 00000001800393f0 f   sfc_debug:sfdb_coverage.obj
 0001:00038580       sf_debug_cc_fill_transition_coverage_map 0000000180039580 f   sfc_debug:sfdb_coverage.obj
 0001:00038830       sf_debug_cc_fill_state_coverage_map 0000000180039830 f   sfc_debug:sfdb_coverage.obj
 0001:00038a80       sf_debug_cc_fill_state_coverage_data 0000000180039a80 f   sfc_debug:sfdb_coverage.obj
 0001:000396c0       sf_debug_bm_initialize_eml 000000018003a6c0 f   sfc_debug:sfdb_breakpoints.obj
 0001:0003a830       sf_debug_bm_map_debug_tag_to_breakpoint_tag 000000018003b830 f   sfc_debug:sfdb_breakpoints.obj
 0001:0003a910       sf_debug_bm_is_a_eml_breakpoint_impl 000000018003b910 f   sfc_debug:sfdb_breakpoints.obj
 0001:0003c390       sf_debug_sc_push_on_error_stack 000000018003d390 f   sfc_debug:sfdb_state_consistency.obj
 0001:0003c4c0       sf_debug_sc_reset_error_stack 000000018003d4c0 f   sfc_debug:sfdb_state_consistency.obj
 0001:0003c650       sf_debug_sc_is_state_inconsistent 000000018003d650 f   sfc_debug:sfdb_state_consistency.obj
 0001:0003c950       sf_debug_sc_fill_consistency_info 000000018003d950 f   sfc_debug:sfdb_state_consistency.obj
 0001:0003cf30       void_assertion_fcn         000000018003df30 f   sfc_debug:sfdb_call_stack.obj
 0001:0003d4b0       sf_debug_tm_fill_local_trace 000000018003e4b0 f   sfc_debug:sfdb_call_stack.obj
 0001:0003da80       sf_debug_cd_terminate_instance 000000018003ea80 f   sfc_debug:sfdb_cycle_detection.obj
 0001:0003dae0       sf_debug_cd_free_checksum_stack 000000018003eae0 f   sfc_debug:sfdb_cycle_detection.obj
 0001:0003db30       sf_debug_cd_reset_pack_strings 000000018003eb30 f   sfc_debug:sfdb_cycle_detection.obj
 0001:0003e1f0       md5file_clear              000000018003f1f0 f   sfc_debug:ckmd5.obj
 0001:0003e220       Encode                     000000018003f220 f   sfc_debug:ckmd5.obj
 0001:0003e270       Decode                     000000018003f270 f   sfc_debug:ckmd5.obj
 0001:0003e310       MD5Transform               000000018003f310 f   sfc_debug:ckmd5.obj
 0001:0003eb60       md5file_addn               000000018003fb60 f   sfc_debug:ckmd5.obj
 0001:0003ec30       md5file_hash               000000018003fc30 f   sfc_debug:ckmd5.obj
 0001:0003f144       pre_c_init                 0000000180040144 f   MSVCRT:crtdll.obj
 0001:0003f400       __DllMainCRTStartup        0000000180040400 f   MSVCRT:crtdll.obj
 0001:0003faa0       __DllMainCRTStartup$filt$0 0000000180040aa0 f   MSVCRT:crtdll.obj
 0001:0003fad0       __DllMainCRTStartup$fin$1  0000000180040ad0 f   MSVCRT:crtdll.obj
 0001:0003faea       _onexit$fin$0              0000000180040aea f   MSVCRT:atonexit.obj
 0001:0003fb10       _IsNonwritableInCurrentImage$filt$0 0000000180040b10 f   MSVCRT:pesect.obj
